Running tests from D:\proj\microbians\AeroDB\tests\AeroDB.Tests\bin\Debug\net10.0\AeroDB.Tests.dll (net10.0|x64)
failed SurrealDb_FirstOrDefaultAsync_no_predicate_returns_first (95ms)
  [Test Failure] SurrealDbEmbeddedException: Session not found: d3a3ff0b-025e-8b4d-a578-4dd4274dcedd
  from D:\proj\microbians\AeroDB\tests\AeroDB.Tests\bin\Debug\net10.0\AeroDB.Tests.dll (net10.0|x64)
  TUnit.Engine.Exceptions.TestFailedException: [Test Failure] SurrealDbEmbeddedException: Session not found: d3a3ff0b-025e-8b4d-a578-4dd4274dcedd
    at SurrealDb.Embedded.Internals.SurrealDbEmbeddedEngine.SendRequestAsync[T](Method method, Object[] parameters, Nullable`1 sessionId, Nullable`1 transactionId, CancellationToken cancellationToken) in /_/SurrealDb.Embedded.Internals/SurrealDbEmbeddedEngine.cs:1730
    at SurrealDb.Embedded.Internals.SurrealDbEmbeddedEngine.SendRequestAsync[T](Method method, Object[] parameters, Nullable`1 sessionId, Nullable`1 transactionId, CancellationToken cancellationToken) in /_/SurrealDb.Embedded.Internals/SurrealDbEmbeddedEngine.cs:1740
    at SurrealDb.Embedded.Internals.SurrealDbEmbeddedEngine.Use(String ns, String db, Nullable`1 sessionId, Nullable`1 transactionId, CancellationToken cancellationToken) in /_/SurrealDb.Embedded.Internals/SurrealDbEmbeddedEngine.cs:1441
    at AeroDB.DocumentStore.InitializeAsync(CancellationToken ct) in D:\proj\microbians\AeroDB\src\AeroDB\DocumentStore.cs:380
    at AeroDB.DocumentStore.InitializeAsync(CancellationToken ct) in D:\proj\microbians\AeroDB\src\AeroDB\DocumentStore.cs:457
    at AeroDB.Tests.TestHarness.CreateStoreAsync(Action`1 configure) in D:\proj\microbians\AeroDB\tests\AeroDB.Tests\TestHarness.cs:53
    at AeroDB.Tests.AsyncQueryExtensionsTests.SurrealDb_FirstOrDefaultAsync_no_predicate_returns_first() in D:\proj\microbians\AeroDB\tests\AeroDB.Tests\AsyncQueryExtensionsTests.cs:180
       --- TUnit internals omitted (run with --detailed-stacktrace for full trace) ---
failed IAeroDBAdvanced_Is_Exposed_From_Store (426ms)
  [Test Failure] SurrealDbEmbeddedException: Session not found: c83bc487-43d2-5d4d-813a-a38fe5972b5f
  from D:\proj\microbians\AeroDB\tests\AeroDB.Tests\bin\Debug\net10.0\AeroDB.Tests.dll (net10.0|x64)
  TUnit.Engine.Exceptions.TestFailedException: [Test Failure] SurrealDbEmbeddedException: Session not found: c83bc487-43d2-5d4d-813a-a38fe5972b5f
    at SurrealDb.Embedded.Internals.SurrealDbEmbeddedEngine.SendRequestAsync[T](Method method, Object[] parameters, Nullable`1 sessionId, Nullable`1 transactionId, CancellationToken cancellationToken) in /_/SurrealDb.Embedded.Internals/SurrealDbEmbeddedEngine.cs:1730
    at SurrealDb.Embedded.Internals.SurrealDbEmbeddedEngine.SendRequestAsync[T](Method method, Object[] parameters, Nullable`1 sessionId, Nullable`1 transactionId, CancellationToken cancellationToken) in /_/SurrealDb.Embedded.Internals/SurrealDbEmbeddedEngine.cs:1740
    at SurrealDb.Embedded.Internals.SurrealDbEmbeddedEngine.Use(String ns, String db, Nullable`1 sessionId, Nullable`1 transactionId, CancellationToken cancellationToken) in /_/SurrealDb.Embedded.Internals/SurrealDbEmbeddedEngine.cs:1441
    at AeroDB.DocumentStore.InitializeAsync(CancellationToken ct) in D:\proj\microbians\AeroDB\src\AeroDB\DocumentStore.cs:380
    at AeroDB.DocumentStore.InitializeAsync(CancellationToken ct) in D:\proj\microbians\AeroDB\src\AeroDB\DocumentStore.cs:457
    at AeroDB.Tests.TestHarness.CreateStoreAsync(Action`1 configure) in D:\proj\microbians\AeroDB\tests\AeroDB.Tests\TestHarness.cs:53
    at AeroDB.Tests.AdvancedSdkTests.IAeroDBAdvanced_Is_Exposed_From_Store() in D:\proj\microbians\AeroDB\tests\AeroDB.Tests\AdvancedSdkTests.cs:93
       --- TUnit internals omitted (run with --detailed-stacktrace for full trace) ---
failed Query4Tuple_ReturnsFourResults (426ms)
  [Test Failure] SurrealDbEmbeddedException: Session not found: 69840a3d-b989-1c4a-91b0-740acd7a6969
  from D:\proj\microbians\AeroDB\tests\AeroDB.Tests\bin\Debug\net10.0\AeroDB.Tests.dll (net10.0|x64)
  TUnit.Engine.Exceptions.TestFailedException: [Test Failure] SurrealDbEmbeddedException: Session not found: 69840a3d-b989-1c4a-91b0-740acd7a6969
    at SurrealDb.Embedded.Internals.SurrealDbEmbeddedEngine.SendRequestAsync[T](Method method, Object[] parameters, Nullable`1 sessionId, Nullable`1 transactionId, CancellationToken cancellationToken) in /_/SurrealDb.Embedded.Internals/SurrealDbEmbeddedEngine.cs:1730
    at SurrealDb.Embedded.Internals.SurrealDbEmbeddedEngine.SendRequestAsync[T](Method method, Object[] parameters, Nullable`1 sessionId, Nullable`1 transactionId, CancellationToken cancellationToken) in /_/SurrealDb.Embedded.Internals/SurrealDbEmbeddedEngine.cs:1740
    at SurrealDb.Embedded.Internals.SurrealDbEmbeddedEngine.Use(String ns, String db, Nullable`1 sessionId, Nullable`1 transactionId, CancellationToken cancellationToken) in /_/SurrealDb.Embedded.Internals/SurrealDbEmbeddedEngine.cs:1441
    at AeroDB.DocumentStore.InitializeAsync(CancellationToken ct) in D:\proj\microbians\AeroDB\src\AeroDB\DocumentStore.cs:380
    at AeroDB.DocumentStore.InitializeAsync(CancellationToken ct) in D:\proj\microbians\AeroDB\src\AeroDB\DocumentStore.cs:457
    at AeroDB.Tests.TestHarness.CreateStoreAsync(Action`1 configure) in D:\proj\microbians\AeroDB\tests\AeroDB.Tests\TestHarness.cs:53
    at AeroDB.Tests.AdvancedSqlTupleQueryTests.Query4Tuple_ReturnsFourResults() in D:\proj\microbians\AeroDB\tests\AeroDB.Tests\AdvancedSql\AdvancedSqlTupleQueryTests.cs:80
       --- TUnit internals omitted (run with --detailed-stacktrace for full trace) ---
failed Query3Tuple_ReturnsThreeResults (426ms)
  [Test Failure] SurrealDbEmbeddedException: Session not found: 03e19a3d-1558-e140-9665-c12abe0bd993
  from D:\proj\microbians\AeroDB\tests\AeroDB.Tests\bin\Debug\net10.0\AeroDB.Tests.dll (net10.0|x64)
  TUnit.Engine.Exceptions.TestFailedException: [Test Failure] SurrealDbEmbeddedException: Session not found: 03e19a3d-1558-e140-9665-c12abe0bd993
    at SurrealDb.Embedded.Internals.SurrealDbEmbeddedEngine.SendRequestAsync[T](Method method, Object[] parameters, Nullable`1 sessionId, Nullable`1 transactionId, CancellationToken cancellationToken) in /_/SurrealDb.Embedded.Internals/SurrealDbEmbeddedEngine.cs:1730
    at SurrealDb.Embedded.Internals.SurrealDbEmbeddedEngine.SendRequestAsync[T](Method method, Object[] parameters, Nullable`1 sessionId, Nullable`1 transactionId, CancellationToken cancellationToken) in /_/SurrealDb.Embedded.Internals/SurrealDbEmbeddedEngine.cs:1740
    at SurrealDb.Embedded.Internals.SurrealDbEmbeddedEngine.Use(String ns, String db, Nullable`1 sessionId, Nullable`1 transactionId, CancellationToken cancellationToken) in /_/SurrealDb.Embedded.Internals/SurrealDbEmbeddedEngine.cs:1441
    at AeroDB.DocumentStore.InitializeAsync(CancellationToken ct) in D:\proj\microbians\AeroDB\src\AeroDB\DocumentStore.cs:380
    at AeroDB.DocumentStore.InitializeAsync(CancellationToken ct) in D:\proj\microbians\AeroDB\src\AeroDB\DocumentStore.cs:457
    at AeroDB.Tests.TestHarness.CreateStoreAsync(Action`1 configure) in D:\proj\microbians\AeroDB\tests\AeroDB.Tests\TestHarness.cs:53
    at AeroDB.Tests.AdvancedSqlTupleQueryTests.Query3Tuple_ReturnsThreeResults() in D:\proj\microbians\AeroDB\tests\AeroDB.Tests\AdvancedSql\AdvancedSqlTupleQueryTests.cs:54
       --- TUnit internals omitted (run with --detailed-stacktrace for full trace) ---
failed SurrealDb_FirstOrDefaultAsync_with_predicate_no_match (155ms)
  [Test Failure] SurrealDbEmbeddedException: Session not found: e1e80057-d2f0-2343-9fd0-83353a004f12
  from D:\proj\microbians\AeroDB\tests\AeroDB.Tests\bin\Debug\net10.0\AeroDB.Tests.dll (net10.0|x64)
  TUnit.Engine.Exceptions.TestFailedException: [Test Failure] SurrealDbEmbeddedException: Session not found: e1e80057-d2f0-2343-9fd0-83353a004f12
    at SurrealDb.Embedded.Internals.SurrealDbEmbeddedEngine.SendRequestAsync[T](Method method, Object[] parameters, Nullable`1 sessionId, Nullable`1 transactionId, CancellationToken cancellationToken) in /_/SurrealDb.Embedded.Internals/SurrealDbEmbeddedEngine.cs:1730
    at SurrealDb.Embedded.Internals.SurrealDbEmbeddedEngine.SendRequestAsync[T](Method method, Object[] parameters, Nullable`1 sessionId, Nullable`1 transactionId, CancellationToken cancellationToken) in /_/SurrealDb.Embedded.Internals/SurrealDbEmbeddedEngine.cs:1740
    at SurrealDb.Embedded.Internals.SurrealDbEmbeddedEngine.Use(String ns, String db, Nullable`1 sessionId, Nullable`1 transactionId, CancellationToken cancellationToken) in /_/SurrealDb.Embedded.Internals/SurrealDbEmbeddedEngine.cs:1441
    at AeroDB.DocumentStore.InitializeAsync(CancellationToken ct) in D:\proj\microbians\AeroDB\src\AeroDB\DocumentStore.cs:380
    at AeroDB.DocumentStore.InitializeAsync(CancellationToken ct) in D:\proj\microbians\AeroDB\src\AeroDB\DocumentStore.cs:457
    at AeroDB.Tests.TestHarness.CreateStoreAsync(Action`1 configure) in D:\proj\microbians\AeroDB\tests\AeroDB.Tests\TestHarness.cs:53
    at AeroDB.Tests.AsyncQueryExtensionsTests.SurrealDb_FirstOrDefaultAsync_with_predicate_no_match() in D:\proj\microbians\AeroDB\tests\AeroDB.Tests\AsyncQueryExtensionsTests.cs:212
       --- TUnit internals omitted (run with --detailed-stacktrace for full trace) ---
failed Advanced_Client_Is_Singleton (428ms)
  [Test Failure] SurrealDbEmbeddedException: Session not found: 2979d73a-d93e-2a4d-aeb9-a8d16baaaa26
  from D:\proj\microbians\AeroDB\tests\AeroDB.Tests\bin\Debug\net10.0\AeroDB.Tests.dll (net10.0|x64)
  TUnit.Engine.Exceptions.TestFailedException: [Test Failure] SurrealDbEmbeddedException: Session not found: 2979d73a-d93e-2a4d-aeb9-a8d16baaaa26
    at SurrealDb.Embedded.Internals.SurrealDbEmbeddedEngine.SendRequestAsync[T](Method method, Object[] parameters, Nullable`1 sessionId, Nullable`1 transactionId, CancellationToken cancellationToken) in /_/SurrealDb.Embedded.Internals/SurrealDbEmbeddedEngine.cs:1730
    at SurrealDb.Embedded.Internals.SurrealDbEmbeddedEngine.SendRequestAsync[T](Method method, Object[] parameters, Nullable`1 sessionId, Nullable`1 transactionId, CancellationToken cancellationToken) in /_/SurrealDb.Embedded.Internals/SurrealDbEmbeddedEngine.cs:1740
    at SurrealDb.Embedded.Internals.SurrealDbEmbeddedEngine.Use(String ns, String db, Nullable`1 sessionId, Nullable`1 transactionId, CancellationToken cancellationToken) in /_/SurrealDb.Embedded.Internals/SurrealDbEmbeddedEngine.cs:1441
    at AeroDB.DocumentStore.InitializeAsync(CancellationToken ct) in D:\proj\microbians\AeroDB\src\AeroDB\DocumentStore.cs:380
    at AeroDB.DocumentStore.InitializeAsync(CancellationToken ct) in D:\proj\microbians\AeroDB\src\AeroDB\DocumentStore.cs:457
    at AeroDB.Tests.TestHarness.CreateStoreAsync(Action`1 configure) in D:\proj\microbians\AeroDB\tests\AeroDB.Tests\TestHarness.cs:53
    at AeroDB.Tests.AdvancedSdkTests.Advanced_Client_Is_Singleton() in D:\proj\microbians\AeroDB\tests\AeroDB.Tests\AdvancedSdkTests.cs:31
       --- TUnit internals omitted (run with --detailed-stacktrace for full trace) ---
failed Intersects_no_match_returns_empty (156ms)
  [Test Failure] SurrealDbEmbeddedException: Session not found: 8cb1a5f9-761f-2440-8e40-c9c8fd4cec45
  from D:\proj\microbians\AeroDB\tests\AeroDB.Tests\bin\Debug\net10.0\AeroDB.Tests.dll (net10.0|x64)
  TUnit.Engine.Exceptions.TestFailedException: [Test Failure] SurrealDbEmbeddedException: Session not found: 8cb1a5f9-761f-2440-8e40-c9c8fd4cec45
    at SurrealDb.Embedded.Internals.SurrealDbEmbeddedEngine.SendRequestAsync[T](Method method, Object[] parameters, Nullable`1 sessionId, Nullable`1 transactionId, CancellationToken cancellationToken) in /_/SurrealDb.Embedded.Internals/SurrealDbEmbeddedEngine.cs:1730
    at SurrealDb.Embedded.Internals.SurrealDbEmbeddedEngine.SendRequestAsync[T](Method method, Object[] parameters, Nullable`1 sessionId, Nullable`1 transactionId, CancellationToken cancellationToken) in /_/SurrealDb.Embedded.Internals/SurrealDbEmbeddedEngine.cs:1740
    at SurrealDb.Embedded.Internals.SurrealDbEmbeddedEngine.Use(String ns, String db, Nullable`1 sessionId, Nullable`1 transactionId, CancellationToken cancellationToken) in /_/SurrealDb.Embedded.Internals/SurrealDbEmbeddedEngine.cs:1441
    at AeroDB.DocumentStore.InitializeAsync(CancellationToken ct) in D:\proj\microbians\AeroDB\src\AeroDB\DocumentStore.cs:380
    at AeroDB.DocumentStore.InitializeAsync(CancellationToken ct) in D:\proj\microbians\AeroDB\src\AeroDB\DocumentStore.cs:457
    at AeroDB.Tests.TestHarness.CreateStoreAsync(Action`1 configure) in D:\proj\microbians\AeroDB\tests\AeroDB.Tests\TestHarness.cs:53
    at AeroDB.Tests.AsyncQueryExtensionsTests.Intersects_no_match_returns_empty() in D:\proj\microbians\AeroDB\tests\AeroDB.Tests\AsyncQueryExtensionsTests.cs:381
       --- TUnit internals omitted (run with --detailed-stacktrace for full trace) ---
failed DeletedBefore_filters_soft_deleted_before_cutoff (156ms)
  [Test Failure] SurrealDbEmbeddedException: Session not found: cbdb7ea0-62f4-ee4e-9e76-a773193633ed
  from D:\proj\microbians\AeroDB\tests\AeroDB.Tests\bin\Debug\net10.0\AeroDB.Tests.dll (net10.0|x64)
  TUnit.Engine.Exceptions.TestFailedException: [Test Failure] SurrealDbEmbeddedException: Session not found: cbdb7ea0-62f4-ee4e-9e76-a773193633ed
    at SurrealDb.Embedded.Internals.SurrealDbEmbeddedEngine.SendRequestAsync[T](Method method, Object[] parameters, Nullable`1 sessionId, Nullable`1 transactionId, CancellationToken cancellationToken) in /_/SurrealDb.Embedded.Internals/SurrealDbEmbeddedEngine.cs:1730
    at SurrealDb.Embedded.Internals.SurrealDbEmbeddedEngine.SendRequestAsync[T](Method method, Object[] parameters, Nullable`1 sessionId, Nullable`1 transactionId, CancellationToken cancellationToken) in /_/SurrealDb.Embedded.Internals/SurrealDbEmbeddedEngine.cs:1740
    at SurrealDb.Embedded.Internals.SurrealDbEmbeddedEngine.Use(String ns, String db, Nullable`1 sessionId, Nullable`1 transactionId, CancellationToken cancellationToken) in /_/SurrealDb.Embedded.Internals/SurrealDbEmbeddedEngine.cs:1441
    at AeroDB.DocumentStore.InitializeAsync(CancellationToken ct) in D:\proj\microbians\AeroDB\src\AeroDB\DocumentStore.cs:380
    at AeroDB.DocumentStore.InitializeAsync(CancellationToken ct) in D:\proj\microbians\AeroDB\src\AeroDB\DocumentStore.cs:457
    at AeroDB.Tests.TestHarness.CreateStoreAsync(Action`1 configure) in D:\proj\microbians\AeroDB\tests\AeroDB.Tests\TestHarness.cs:53
    at AeroDB.Tests.AsyncQueryExtensionsTests.DeletedBefore_filters_soft_deleted_before_cutoff() in D:\proj\microbians\AeroDB\tests\AeroDB.Tests\AsyncQueryExtensionsTests.cs:438
       --- TUnit internals omitted (run with --detailed-stacktrace for full trace) ---
failed DeleteAsync_without_filter_deletes_all (156ms)
  [Test Failure] SurrealDbEmbeddedException: Session not found: 5fe9e48e-ef7e-9342-af93-47ceb411623b
  from D:\proj\microbians\AeroDB\tests\AeroDB.Tests\bin\Debug\net10.0\AeroDB.Tests.dll (net10.0|x64)
  TUnit.Engine.Exceptions.TestFailedException: [Test Failure] SurrealDbEmbeddedException: Session not found: 5fe9e48e-ef7e-9342-af93-47ceb411623b
    at SurrealDb.Embedded.Internals.SurrealDbEmbeddedEngine.SendRequestAsync[T](Method method, Object[] parameters, Nullable`1 sessionId, Nullable`1 transactionId, CancellationToken cancellationToken) in /_/SurrealDb.Embedded.Internals/SurrealDbEmbeddedEngine.cs:1730
    at SurrealDb.Embedded.Internals.SurrealDbEmbeddedEngine.SendRequestAsync[T](Method method, Object[] parameters, Nullable`1 sessionId, Nullable`1 transactionId, CancellationToken cancellationToken) in /_/SurrealDb.Embedded.Internals/SurrealDbEmbeddedEngine.cs:1740
    at SurrealDb.Embedded.Internals.SurrealDbEmbeddedEngine.Use(String ns, String db, Nullable`1 sessionId, Nullable`1 transactionId, CancellationToken cancellationToken) in /_/SurrealDb.Embedded.Internals/SurrealDbEmbeddedEngine.cs:1441
    at AeroDB.DocumentStore.InitializeAsync(CancellationToken ct) in D:\proj\microbians\AeroDB\src\AeroDB\DocumentStore.cs:380
    at AeroDB.DocumentStore.InitializeAsync(CancellationToken ct) in D:\proj\microbians\AeroDB\src\AeroDB\DocumentStore.cs:457
    at AeroDB.Tests.TestHarness.CreateStoreAsync(Action`1 configure) in D:\proj\microbians\AeroDB\tests\AeroDB.Tests\TestHarness.cs:53
    at AeroDB.Tests.AsyncQueryExtensionsTests.DeleteAsync_without_filter_deletes_all() in D:\proj\microbians\AeroDB\tests\AeroDB.Tests\AsyncQueryExtensionsTests.cs:420
       --- TUnit internals omitted (run with --detailed-stacktrace for full trace) ---
failed Intersects_filters_overlapping_tags (156ms)
  [Test Failure] SurrealDbEmbeddedException: Session not found: 3017dac2-9270-254d-bfee-4b0ce65cda1f
  from D:\proj\microbians\AeroDB\tests\AeroDB.Tests\bin\Debug\net10.0\AeroDB.Tests.dll (net10.0|x64)
  TUnit.Engine.Exceptions.TestFailedException: [Test Failure] SurrealDbEmbeddedException: Session not found: 3017dac2-9270-254d-bfee-4b0ce65cda1f
    at SurrealDb.Embedded.Internals.SurrealDbEmbeddedEngine.SendRequestAsync[T](Method method, Object[] parameters, Nullable`1 sessionId, Nullable`1 transactionId, CancellationToken cancellationToken) in /_/SurrealDb.Embedded.Internals/SurrealDbEmbeddedEngine.cs:1730
    at SurrealDb.Embedded.Internals.SurrealDbEmbeddedEngine.SendRequestAsync[T](Method method, Object[] parameters, Nullable`1 sessionId, Nullable`1 transactionId, CancellationToken cancellationToken) in /_/SurrealDb.Embedded.Internals/SurrealDbEmbeddedEngine.cs:1740
    at SurrealDb.Embedded.Internals.SurrealDbEmbeddedEngine.Use(String ns, String db, Nullable`1 sessionId, Nullable`1 transactionId, CancellationToken cancellationToken) in /_/SurrealDb.Embedded.Internals/SurrealDbEmbeddedEngine.cs:1441
    at AeroDB.DocumentStore.InitializeAsync(CancellationToken ct) in D:\proj\microbians\AeroDB\src\AeroDB\DocumentStore.cs:380
    at AeroDB.DocumentStore.InitializeAsync(CancellationToken ct) in D:\proj\microbians\AeroDB\src\AeroDB\DocumentStore.cs:457
    at AeroDB.Tests.TestHarness.CreateStoreAsync(Action`1 configure) in D:\proj\microbians\AeroDB\tests\AeroDB.Tests\TestHarness.cs:53
    at AeroDB.Tests.AsyncQueryExtensionsTests.Intersects_filters_overlapping_tags() in D:\proj\microbians\AeroDB\tests\AeroDB.Tests\AsyncQueryExtensionsTests.cs:367
       --- TUnit internals omitted (run with --detailed-stacktrace for full trace) ---
failed QueryWithParameters_PassesBindings (426ms)
  [Test Failure] SurrealDbEmbeddedException: Session not found: cbd5ce1d-04e0-9c4e-80e0-43cff1f4d5e9
  from D:\proj\microbians\AeroDB\tests\AeroDB.Tests\bin\Debug\net10.0\AeroDB.Tests.dll (net10.0|x64)
  TUnit.Engine.Exceptions.TestFailedException: [Test Failure] SurrealDbEmbeddedException: Session not found: cbd5ce1d-04e0-9c4e-80e0-43cff1f4d5e9
    at SurrealDb.Embedded.Internals.SurrealDbEmbeddedEngine.SendRequestAsync[T](Method method, Object[] parameters, Nullable`1 sessionId, Nullable`1 transactionId, CancellationToken cancellationToken) in /_/SurrealDb.Embedded.Internals/SurrealDbEmbeddedEngine.cs:1730
    at SurrealDb.Embedded.Internals.SurrealDbEmbeddedEngine.SendRequestAsync[T](Method method, Object[] parameters, Nullable`1 sessionId, Nullable`1 transactionId, CancellationToken cancellationToken) in /_/SurrealDb.Embedded.Internals/SurrealDbEmbeddedEngine.cs:1740
    at SurrealDb.Embedded.Internals.SurrealDbEmbeddedEngine.Use(String ns, String db, Nullable`1 sessionId, Nullable`1 transactionId, CancellationToken cancellationToken) in /_/SurrealDb.Embedded.Internals/SurrealDbEmbeddedEngine.cs:1441
    at AeroDB.DocumentStore.InitializeAsync(CancellationToken ct) in D:\proj\microbians\AeroDB\src\AeroDB\DocumentStore.cs:380
    at AeroDB.DocumentStore.InitializeAsync(CancellationToken ct) in D:\proj\microbians\AeroDB\src\AeroDB\DocumentStore.cs:457
    at AeroDB.Tests.TestHarness.CreateStoreAsync(Action`1 configure) in D:\proj\microbians\AeroDB\tests\AeroDB.Tests\TestHarness.cs:53
    at AeroDB.Tests.AdvancedSqlTupleQueryTests.QueryWithParameters_PassesBindings() in D:\proj\microbians\AeroDB\tests\AeroDB.Tests\AdvancedSql\AdvancedSqlTupleQueryTests.cs:183
       --- TUnit internals omitted (run with --detailed-stacktrace for full trace) ---
failed Query2Tuple_ReturnsBothResults (426ms)
  [Test Failure] SurrealDbEmbeddedException: Session not found: b6e44bde-3aba-6045-8368-3b051fb4f166
  from D:\proj\microbians\AeroDB\tests\AeroDB.Tests\bin\Debug\net10.0\AeroDB.Tests.dll (net10.0|x64)
  TUnit.Engine.Exceptions.TestFailedException: [Test Failure] SurrealDbEmbeddedException: Session not found: b6e44bde-3aba-6045-8368-3b051fb4f166
    at SurrealDb.Embedded.Internals.SurrealDbEmbeddedEngine.SendRequestAsync[T](Method method, Object[] parameters, Nullable`1 sessionId, Nullable`1 transactionId, CancellationToken cancellationToken) in /_/SurrealDb.Embedded.Internals/SurrealDbEmbeddedEngine.cs:1730
    at SurrealDb.Embedded.Internals.SurrealDbEmbeddedEngine.SendRequestAsync[T](Method method, Object[] parameters, Nullable`1 sessionId, Nullable`1 transactionId, CancellationToken cancellationToken) in /_/SurrealDb.Embedded.Internals/SurrealDbEmbeddedEngine.cs:1740
    at SurrealDb.Embedded.Internals.SurrealDbEmbeddedEngine.Use(String ns, String db, Nullable`1 sessionId, Nullable`1 transactionId, CancellationToken cancellationToken) in /_/SurrealDb.Embedded.Internals/SurrealDbEmbeddedEngine.cs:1441
    at AeroDB.DocumentStore.InitializeAsync(CancellationToken ct) in D:\proj\microbians\AeroDB\src\AeroDB\DocumentStore.cs:380
    at AeroDB.DocumentStore.InitializeAsync(CancellationToken ct) in D:\proj\microbians\AeroDB\src\AeroDB\DocumentStore.cs:457
    at AeroDB.Tests.TestHarness.CreateStoreAsync(Action`1 configure) in D:\proj\microbians\AeroDB\tests\AeroDB.Tests\TestHarness.cs:53
    at AeroDB.Tests.AdvancedSqlTupleQueryTests.Query2Tuple_ReturnsBothResults() in D:\proj\microbians\AeroDB\tests\AeroDB.Tests\AdvancedSql\AdvancedSqlTupleQueryTests.cs:11
       --- TUnit internals omitted (run with --detailed-stacktrace for full trace) ---
failed SurrealDb_SingleOrDefaultAsync_single_match (156ms)
  [Test Failure] SurrealDbEmbeddedException: Session not found: eed38f79-008d-054f-95ad-d12eb21acdc0
  from D:\proj\microbians\AeroDB\tests\AeroDB.Tests\bin\Debug\net10.0\AeroDB.Tests.dll (net10.0|x64)
  TUnit.Engine.Exceptions.TestFailedException: [Test Failure] SurrealDbEmbeddedException: Session not found: eed38f79-008d-054f-95ad-d12eb21acdc0
    at SurrealDb.Embedded.Internals.SurrealDbEmbeddedEngine.SendRequestAsync[T](Method method, Object[] parameters, Nullable`1 sessionId, Nullable`1 transactionId, CancellationToken cancellationToken) in /_/SurrealDb.Embedded.Internals/SurrealDbEmbeddedEngine.cs:1730
    at SurrealDb.Embedded.Internals.SurrealDbEmbeddedEngine.SendRequestAsync[T](Method method, Object[] parameters, Nullable`1 sessionId, Nullable`1 transactionId, CancellationToken cancellationToken) in /_/SurrealDb.Embedded.Internals/SurrealDbEmbeddedEngine.cs:1740
    at SurrealDb.Embedded.Internals.SurrealDbEmbeddedEngine.Use(String ns, String db, Nullable`1 sessionId, Nullable`1 transactionId, CancellationToken cancellationToken) in /_/SurrealDb.Embedded.Internals/SurrealDbEmbeddedEngine.cs:1441
    at AeroDB.DocumentStore.InitializeAsync(CancellationToken ct) in D:\proj\microbians\AeroDB\src\AeroDB\DocumentStore.cs:380
    at AeroDB.DocumentStore.InitializeAsync(CancellationToken ct) in D:\proj\microbians\AeroDB\src\AeroDB\DocumentStore.cs:457
    at AeroDB.Tests.TestHarness.CreateStoreAsync(Action`1 configure) in D:\proj\microbians\AeroDB\tests\AeroDB.Tests\TestHarness.cs:53
    at AeroDB.Tests.AsyncQueryExtensionsTests.SurrealDb_SingleOrDefaultAsync_single_match() in D:\proj\microbians\AeroDB\tests\AeroDB.Tests\AsyncQueryExtensionsTests.cs:226
       --- TUnit internals omitted (run with --detailed-stacktrace for full trace) ---
failed Search_Builder_MatchText_ReturnsTextResults (364ms)
  [Test Failure] InvalidOperationException: Failed to save changes.
  from D:\proj\microbians\AeroDB\tests\AeroDB.Tests\bin\Debug\net10.0\AeroDB.Tests.dll (net10.0|x64)
  TUnit.Engine.Exceptions.TestFailedException: [Test Failure] InvalidOperationException: Failed to save changes.
    at AeroDB.DocumentSession.SaveChangesAsync(CancellationToken token) in D:\proj\microbians\AeroDB\src\AeroDB\DocumentSession.cs:1271
    at AeroDB.Tests.FluentApiSearchTests.Search_Builder_MatchText_ReturnsTextResults() in D:\proj\microbians\AeroDB\tests\AeroDB.Tests\FluentApiSearchTests.cs:186
    at AeroDB.Tests.FluentApiSearchTests.Search_Builder_MatchText_ReturnsTextResults() in D:\proj\microbians\AeroDB\tests\AeroDB.Tests\FluentApiSearchTests.cs:194
    at AeroDB.Tests.FluentApiSearchTests.Search_Builder_MatchText_ReturnsTextResults() in D:\proj\microbians\AeroDB\tests\AeroDB.Tests\FluentApiSearchTests.cs:194
       --- TUnit internals omitted (run with --detailed-stacktrace for full trace) ---
  --->  System.InvalidOperationException: Incorrect vector dimension (0). Expected a vector of 3 dimension.
    at AeroDB.DocumentSession.ThrowIfRawQueryFailed(SurrealDbResponse response) in D:\proj\microbians\AeroDB\src\AeroDB\DocumentSession.cs:1703
    at AeroDB.DocumentSession.UpsertRecordAsync(IRecord record, RecordId rid, ISurrealDbSession session, CancellationToken ct) in D:\proj\microbians\AeroDB\src\AeroDB\DocumentSession.cs:1723
    at AeroDB.DocumentSession.SaveChangesAsync(CancellationToken token) in D:\proj\microbians\AeroDB\src\AeroDB\DocumentSession.cs:707
    at AeroDB.DocumentSession.SaveChangesAsync(CancellationToken token) in D:\proj\microbians\AeroDB\src\AeroDB\DocumentSession.cs:1232
failed Search_Builder_MatchText_WithWhere_OrderBy_Skip_Take (364ms)
  [Test Failure] InvalidOperationException: Failed to save changes.
  from D:\proj\microbians\AeroDB\tests\AeroDB.Tests\bin\Debug\net10.0\AeroDB.Tests.dll (net10.0|x64)
  TUnit.Engine.Exceptions.TestFailedException: [Test Failure] InvalidOperationException: Failed to save changes.
    at AeroDB.DocumentSession.SaveChangesAsync(CancellationToken token) in D:\proj\microbians\AeroDB\src\AeroDB\DocumentSession.cs:1271
    at AeroDB.Tests.FluentApiSearchTests.Search_Builder_MatchText_WithWhere_OrderBy_Skip_Take() in D:\proj\microbians\AeroDB\tests\AeroDB.Tests\FluentApiSearchTests.cs:145
    at AeroDB.Tests.FluentApiSearchTests.Search_Builder_MatchText_WithWhere_OrderBy_Skip_Take() in D:\proj\microbians\AeroDB\tests\AeroDB.Tests\FluentApiSearchTests.cs:159
    at AeroDB.Tests.FluentApiSearchTests.Search_Builder_MatchText_WithWhere_OrderBy_Skip_Take() in D:\proj\microbians\AeroDB\tests\AeroDB.Tests\FluentApiSearchTests.cs:159
       --- TUnit internals omitted (run with --detailed-stacktrace for full trace) ---
  --->  System.InvalidOperationException: Incorrect vector dimension (0). Expected a vector of 3 dimension.
    at AeroDB.DocumentSession.ThrowIfRawQueryFailed(SurrealDbResponse response) in D:\proj\microbians\AeroDB\src\AeroDB\DocumentSession.cs:1703
    at AeroDB.DocumentSession.UpsertRecordAsync(IRecord record, RecordId rid, ISurrealDbSession session, CancellationToken ct) in D:\proj\microbians\AeroDB\src\AeroDB\DocumentSession.cs:1723
    at AeroDB.DocumentSession.SaveChangesAsync(CancellationToken token) in D:\proj\microbians\AeroDB\src\AeroDB\DocumentSession.cs:707
    at AeroDB.DocumentSession.SaveChangesAsync(CancellationToken token) in D:\proj\microbians\AeroDB\src\AeroDB\DocumentSession.cs:1232
failed Search_Builder_MatchText_WhereIntComparison (362ms)
  [Test Failure] InvalidOperationException: Failed to save changes.
  from D:\proj\microbians\AeroDB\tests\AeroDB.Tests\bin\Debug\net10.0\AeroDB.Tests.dll (net10.0|x64)
  TUnit.Engine.Exceptions.TestFailedException: [Test Failure] InvalidOperationException: Failed to save changes.
    at AeroDB.DocumentSession.SaveChangesAsync(CancellationToken token) in D:\proj\microbians\AeroDB\src\AeroDB\DocumentSession.cs:1271
    at AeroDB.Tests.FluentApiSearchTests.Search_Builder_MatchText_WhereIntComparison() in D:\proj\microbians\AeroDB\tests\AeroDB.Tests\FluentApiSearchTests.cs:268
    at AeroDB.Tests.FluentApiSearchTests.Search_Builder_MatchText_WhereIntComparison() in D:\proj\microbians\AeroDB\tests\AeroDB.Tests\FluentApiSearchTests.cs:277
    at AeroDB.Tests.FluentApiSearchTests.Search_Builder_MatchText_WhereIntComparison() in D:\proj\microbians\AeroDB\tests\AeroDB.Tests\FluentApiSearchTests.cs:277
       --- TUnit internals omitted (run with --detailed-stacktrace for full trace) ---
  --->  System.InvalidOperationException: Incorrect vector dimension (0). Expected a vector of 3 dimension.
    at AeroDB.DocumentSession.ThrowIfRawQueryFailed(SurrealDbResponse response) in D:\proj\microbians\AeroDB\src\AeroDB\DocumentSession.cs:1703
    at AeroDB.DocumentSession.UpsertRecordAsync(IRecord record, RecordId rid, ISurrealDbSession session, CancellationToken ct) in D:\proj\microbians\AeroDB\src\AeroDB\DocumentSession.cs:1723
    at AeroDB.DocumentSession.SaveChangesAsync(CancellationToken token) in D:\proj\microbians\AeroDB\src\AeroDB\DocumentSession.cs:707
    at AeroDB.DocumentSession.SaveChangesAsync(CancellationToken token) in D:\proj\microbians\AeroDB\src\AeroDB\DocumentSession.cs:1232
failed Search_Builder_MatchText_WhereStringComparison (362ms)
  [Test Failure] InvalidOperationException: Failed to save changes.
  from D:\proj\microbians\AeroDB\tests\AeroDB.Tests\bin\Debug\net10.0\AeroDB.Tests.dll (net10.0|x64)
  TUnit.Engine.Exceptions.TestFailedException: [Test Failure] InvalidOperationException: Failed to save changes.
    at AeroDB.DocumentSession.SaveChangesAsync(CancellationToken token) in D:\proj\microbians\AeroDB\src\AeroDB\DocumentSession.cs:1271
    at AeroDB.Tests.FluentApiSearchTests.Search_Builder_MatchText_WhereStringComparison() in D:\proj\microbians\AeroDB\tests\AeroDB.Tests\FluentApiSearchTests.cs:306
    at AeroDB.Tests.FluentApiSearchTests.Search_Builder_MatchText_WhereStringComparison() in D:\proj\microbians\AeroDB\tests\AeroDB.Tests\FluentApiSearchTests.cs:315
    at AeroDB.Tests.FluentApiSearchTests.Search_Builder_MatchText_WhereStringComparison() in D:\proj\microbians\AeroDB\tests\AeroDB.Tests\FluentApiSearchTests.cs:315
       --- TUnit internals omitted (run with --detailed-stacktrace for full trace) ---
  --->  System.InvalidOperationException: Incorrect vector dimension (0). Expected a vector of 3 dimension.
    at AeroDB.DocumentSession.ThrowIfRawQueryFailed(SurrealDbResponse response) in D:\proj\microbians\AeroDB\src\AeroDB\DocumentSession.cs:1703
    at AeroDB.DocumentSession.UpsertRecordAsync(IRecord record, RecordId rid, ISurrealDbSession session, CancellationToken ct) in D:\proj\microbians\AeroDB\src\AeroDB\DocumentSession.cs:1723
    at AeroDB.DocumentSession.SaveChangesAsync(CancellationToken token) in D:\proj\microbians\AeroDB\src\AeroDB\DocumentSession.cs:707
    at AeroDB.DocumentSession.SaveChangesAsync(CancellationToken token) in D:\proj\microbians\AeroDB\src\AeroDB\DocumentSession.cs:1232
failed RawSurrealQL_VectorJaccardDistance_ReturnsResults (773ms)
  [Test Failure] ShouldAssertException: results.Count
    should be
2
    but was
5
  from D:\proj\microbians\AeroDB\tests\AeroDB.Tests\bin\Debug\net10.0\AeroDB.Tests.dll (net10.0|x64)
  TUnit.Engine.Exceptions.TestFailedException: [Test Failure] ShouldAssertException: results.Count
      should be
  2
      but was
  5
    at AeroDB.Tests.SearchIntegrationTests.RawSurrealQL_VectorJaccardDistance_ReturnsResults() in D:\proj\microbians\AeroDB\tests\AeroDB.Tests\SearchIntegrationTests.cs:628
    at System.Runtime.ExceptionServices.ExceptionDispatchInfo.Throw()
    at AeroDB.Tests.SearchIntegrationTests.RawSurrealQL_VectorJaccardDistance_ReturnsResults() in D:\proj\microbians\AeroDB\tests\AeroDB.Tests\SearchIntegrationTests.cs:633
    at System.Runtime.ExceptionServices.ExceptionDispatchInfo.Throw()
    at AeroDB.Tests.SearchIntegrationTests.RawSurrealQL_VectorJaccardDistance_ReturnsResults() in D:\proj\microbians\AeroDB\tests\AeroDB.Tests\SearchIntegrationTests.cs:633
    at System.Runtime.ExceptionServices.ExceptionDispatchInfo.Throw()
    at System.Runtime.CompilerServices.TaskAwaiter.ThrowForNonSuccess(Task task)
    at System.Runtime.CompilerServices.TaskAwaiter.HandleNonSuccessAndDebuggerNotification(Task task, ConfigureAwaitOptions options)
    at System.Runtime.ExceptionServices.ExceptionDispatchInfo.Throw()
    at System.Runtime.CompilerServices.TaskAwaiter.ThrowForNonSuccess(Task task)
    at System.Runtime.CompilerServices.TaskAwaiter.HandleNonSuccessAndDebuggerNotification(Task task, ConfigureAwaitOptions options)
    at System.Runtime.ExceptionServices.ExceptionDispatchInfo.Throw()
    at System.Runtime.CompilerServices.TaskAwaiter.ThrowForNonSuccess(Task task)
    at System.Runtime.CompilerServices.TaskAwaiter.HandleNonSuccessAndDebuggerNotification(Task task, ConfigureAwaitOptions options)
    at System.Runtime.ExceptionServices.ExceptionDispatchInfo.Throw()
    at System.Runtime.CompilerServices.TaskAwaiter.ThrowForNonSuccess(Task task)
    at System.Runtime.CompilerServices.TaskAwaiter.HandleNonSuccessAndDebuggerNotification(Task task, ConfigureAwaitOptions options)
       --- TUnit internals omitted (run with --detailed-stacktrace for full trace) ---
failed Spatial_Empty_Result (659ms)
  [Test Failure] ShouldAssertException: results.Count
    should be
0
    but was
2
  from D:\proj\microbians\AeroDB\tests\AeroDB.Tests\bin\Debug\net10.0\AeroDB.Tests.dll (net10.0|x64)
  TUnit.Engine.Exceptions.TestFailedException: [Test Failure] ShouldAssertException: results.Count
      should be
  0
      but was
  2
    at AeroDB.Tests.SpatialQueryTests.Spatial_Empty_Result() in D:\proj\microbians\AeroDB\tests\AeroDB.Tests\SpatialQueryTests.cs:641
    at System.Runtime.ExceptionServices.ExceptionDispatchInfo.Throw()
    at AeroDB.Tests.SpatialQueryTests.Spatial_Empty_Result() in D:\proj\microbians\AeroDB\tests\AeroDB.Tests\SpatialQueryTests.cs:649
    at System.Runtime.ExceptionServices.ExceptionDispatchInfo.Throw()
    at AeroDB.Tests.SpatialQueryTests.Spatial_Empty_Result() in D:\proj\microbians\AeroDB\tests\AeroDB.Tests\SpatialQueryTests.cs:649
    at System.Runtime.ExceptionServices.ExceptionDispatchInfo.Throw()
    at System.Runtime.CompilerServices.TaskAwaiter.ThrowForNonSuccess(Task task)
    at System.Runtime.CompilerServices.TaskAwaiter.HandleNonSuccessAndDebuggerNotification(Task task, ConfigureAwaitOptions options)
    at System.Runtime.ExceptionServices.ExceptionDispatchInfo.Throw()
    at System.Runtime.CompilerServices.TaskAwaiter.ThrowForNonSuccess(Task task)
    at System.Runtime.CompilerServices.TaskAwaiter.HandleNonSuccessAndDebuggerNotification(Task task, ConfigureAwaitOptions options)
    at System.Runtime.ExceptionServices.ExceptionDispatchInfo.Throw()
    at System.Runtime.CompilerServices.TaskAwaiter.ThrowForNonSuccess(Task task)
    at System.Runtime.CompilerServices.TaskAwaiter.HandleNonSuccessAndDebuggerNotification(Task task, ConfigureAwaitOptions options)
    at System.Runtime.ExceptionServices.ExceptionDispatchInfo.Throw()
    at System.Runtime.CompilerServices.TaskAwaiter.ThrowForNonSuccess(Task task)
    at System.Runtime.CompilerServices.TaskAwaiter.HandleNonSuccessAndDebuggerNotification(Task task, ConfigureAwaitOptions options)
       --- TUnit internals omitted (run with --detailed-stacktrace for full trace) ---
failed MatchTextAsync_DefaultLimit_ReturnsUpTo30 (796ms)
  [Test Failure] InvalidOperationException: Failed to save changes.
  from D:\proj\microbians\AeroDB\tests\AeroDB.Tests\bin\Debug\net10.0\AeroDB.Tests.dll (net10.0|x64)
  TUnit.Engine.Exceptions.TestFailedException: [Test Failure] InvalidOperationException: Failed to save changes.
    at AeroDB.DocumentSession.SaveChangesAsync(CancellationToken token) in D:\proj\microbians\AeroDB\src\AeroDB\DocumentSession.cs:1271
    at AeroDB.Tests.SearchIntegrationTests.MatchTextAsync_DefaultLimit_ReturnsUpTo30() in D:\proj\microbians\AeroDB\tests\AeroDB.Tests\SearchIntegrationTests.cs:586
    at AeroDB.Tests.SearchIntegrationTests.MatchTextAsync_DefaultLimit_ReturnsUpTo30() in D:\proj\microbians\AeroDB\tests\AeroDB.Tests\SearchIntegrationTests.cs:593
    at AeroDB.Tests.SearchIntegrationTests.MatchTextAsync_DefaultLimit_ReturnsUpTo30() in D:\proj\microbians\AeroDB\tests\AeroDB.Tests\SearchIntegrationTests.cs:593
       --- TUnit internals omitted (run with --detailed-stacktrace for full trace) ---
  --->  System.InvalidOperationException: Incorrect vector dimension (0). Expected a vector of 3 dimension.
    at AeroDB.DocumentSession.ThrowIfRawQueryFailed(SurrealDbResponse response) in D:\proj\microbians\AeroDB\src\AeroDB\DocumentSession.cs:1703
    at AeroDB.DocumentSession.CreateEntityAsync(Operation op, String table, ISurrealDbSession session, CancellationToken ct) in D:\proj\microbians\AeroDB\src\AeroDB\DocumentSession.cs:1485
    at AeroDB.DocumentSession.SaveChangesAsync(CancellationToken token) in D:\proj\microbians\AeroDB\src\AeroDB\DocumentSession.cs:759
    at AeroDB.DocumentSession.SaveChangesAsync(CancellationToken token) in D:\proj\microbians\AeroDB\src\AeroDB\DocumentSession.cs:1232
failed MatchTextAsync_Bm25Options_UsesCustomWeights (824ms)
  [Test Failure] InvalidOperationException: Failed to save changes.
  from D:\proj\microbians\AeroDB\tests\AeroDB.Tests\bin\Debug\net10.0\AeroDB.Tests.dll (net10.0|x64)
  TUnit.Engine.Exceptions.TestFailedException: [Test Failure] InvalidOperationException: Failed to save changes.
    at AeroDB.DocumentSession.SaveChangesAsync(CancellationToken token) in D:\proj\microbians\AeroDB\src\AeroDB\DocumentSession.cs:1271
    at AeroDB.Tests.SearchIntegrationTests.MatchTextAsync_Bm25Options_UsesCustomWeights() in D:\proj\microbians\AeroDB\tests\AeroDB.Tests\SearchIntegrationTests.cs:256
    at AeroDB.Tests.SearchIntegrationTests.MatchTextAsync_Bm25Options_UsesCustomWeights() in D:\proj\microbians\AeroDB\tests\AeroDB.Tests\SearchIntegrationTests.cs:272
    at AeroDB.Tests.SearchIntegrationTests.MatchTextAsync_Bm25Options_UsesCustomWeights() in D:\proj\microbians\AeroDB\tests\AeroDB.Tests\SearchIntegrationTests.cs:272
       --- TUnit internals omitted (run with --detailed-stacktrace for full trace) ---
  --->  System.InvalidOperationException: Incorrect vector dimension (0). Expected a vector of 3 dimension.
    at AeroDB.DocumentSession.ThrowIfRawQueryFailed(SurrealDbResponse response) in D:\proj\microbians\AeroDB\src\AeroDB\DocumentSession.cs:1703
    at AeroDB.DocumentSession.CreateEntityAsync(Operation op, String table, ISurrealDbSession session, CancellationToken ct) in D:\proj\microbians\AeroDB\src\AeroDB\DocumentSession.cs:1485
    at AeroDB.DocumentSession.SaveChangesAsync(CancellationToken token) in D:\proj\microbians\AeroDB\src\AeroDB\DocumentSession.cs:759
    at AeroDB.DocumentSession.SaveChangesAsync(CancellationToken token) in D:\proj\microbians\AeroDB\src\AeroDB\DocumentSession.cs:1232
failed MatchTextAsync_EnglishAnalyzer_StemsTokens (824ms)
  [Test Failure] InvalidOperationException: Failed to save changes.
  from D:\proj\microbians\AeroDB\tests\AeroDB.Tests\bin\Debug\net10.0\AeroDB.Tests.dll (net10.0|x64)
  TUnit.Engine.Exceptions.TestFailedException: [Test Failure] InvalidOperationException: Failed to save changes.
    at AeroDB.DocumentSession.SaveChangesAsync(CancellationToken token) in D:\proj\microbians\AeroDB\src\AeroDB\DocumentSession.cs:1271
    at AeroDB.Tests.SearchIntegrationTests.MatchTextAsync_EnglishAnalyzer_StemsTokens() in D:\proj\microbians\AeroDB\tests\AeroDB.Tests\SearchIntegrationTests.cs:656
    at AeroDB.Tests.SearchIntegrationTests.MatchTextAsync_EnglishAnalyzer_StemsTokens() in D:\proj\microbians\AeroDB\tests\AeroDB.Tests\SearchIntegrationTests.cs:671
    at AeroDB.Tests.SearchIntegrationTests.MatchTextAsync_EnglishAnalyzer_StemsTokens() in D:\proj\microbians\AeroDB\tests\AeroDB.Tests\SearchIntegrationTests.cs:671
       --- TUnit internals omitted (run with --detailed-stacktrace for full trace) ---
  --->  System.InvalidOperationException: Incorrect vector dimension (0). Expected a vector of 3 dimension.
    at AeroDB.DocumentSession.ThrowIfRawQueryFailed(SurrealDbResponse response) in D:\proj\microbians\AeroDB\src\AeroDB\DocumentSession.cs:1703
    at AeroDB.DocumentSession.CreateEntityAsync(Operation op, String table, ISurrealDbSession session, CancellationToken ct) in D:\proj\microbians\AeroDB\src\AeroDB\DocumentSession.cs:1485
    at AeroDB.DocumentSession.SaveChangesAsync(CancellationToken token) in D:\proj\microbians\AeroDB\src\AeroDB\DocumentSession.cs:759
    at AeroDB.DocumentSession.SaveChangesAsync(CancellationToken token) in D:\proj\microbians\AeroDB\src\AeroDB\DocumentSession.cs:1232
failed RawSurrealQL_FullTextSearch_WorksDirectly (829ms)
  [Test Failure] InvalidOperationException: Failed to save changes.
  from D:\proj\microbians\AeroDB\tests\AeroDB.Tests\bin\Debug\net10.0\AeroDB.Tests.dll (net10.0|x64)
  TUnit.Engine.Exceptions.TestFailedException: [Test Failure] InvalidOperationException: Failed to save changes.
    at AeroDB.DocumentSession.SaveChangesAsync(CancellationToken token) in D:\proj\microbians\AeroDB\src\AeroDB\DocumentSession.cs:1271
    at AeroDB.Tests.SearchIntegrationTests.RawSurrealQL_FullTextSearch_WorksDirectly() in D:\proj\microbians\AeroDB\tests\AeroDB.Tests\SearchIntegrationTests.cs:509
    at AeroDB.Tests.SearchIntegrationTests.RawSurrealQL_FullTextSearch_WorksDirectly() in D:\proj\microbians\AeroDB\tests\AeroDB.Tests\SearchIntegrationTests.cs:517
    at AeroDB.Tests.SearchIntegrationTests.RawSurrealQL_FullTextSearch_WorksDirectly() in D:\proj\microbians\AeroDB\tests\AeroDB.Tests\SearchIntegrationTests.cs:517
       --- TUnit internals omitted (run with --detailed-stacktrace for full trace) ---
  --->  System.InvalidOperationException: Incorrect vector dimension (0). Expected a vector of 3 dimension.
    at AeroDB.DocumentSession.ThrowIfRawQueryFailed(SurrealDbResponse response) in D:\proj\microbians\AeroDB\src\AeroDB\DocumentSession.cs:1703
    at AeroDB.DocumentSession.CreateEntityAsync(Operation op, String table, ISurrealDbSession session, CancellationToken ct) in D:\proj\microbians\AeroDB\src\AeroDB\DocumentSession.cs:1485
    at AeroDB.DocumentSession.SaveChangesAsync(CancellationToken token) in D:\proj\microbians\AeroDB\src\AeroDB\DocumentSession.cs:759
    at AeroDB.DocumentSession.SaveChangesAsync(CancellationToken token) in D:\proj\microbians\AeroDB\src\AeroDB\DocumentSession.cs:1232
failed MatchTextAsync_MultiFieldWeights_AffectsRanking (832ms)
  [Test Failure] InvalidOperationException: Failed to save changes.
  from D:\proj\microbians\AeroDB\tests\AeroDB.Tests\bin\Debug\net10.0\AeroDB.Tests.dll (net10.0|x64)
  TUnit.Engine.Exceptions.TestFailedException: [Test Failure] InvalidOperationException: Failed to save changes.
    at AeroDB.DocumentSession.SaveChangesAsync(CancellationToken token) in D:\proj\microbians\AeroDB\src\AeroDB\DocumentSession.cs:1271
    at AeroDB.Tests.SearchIntegrationTests.MatchTextAsync_MultiFieldWeights_AffectsRanking() in D:\proj\microbians\AeroDB\tests\AeroDB.Tests\SearchIntegrationTests.cs:471
    at AeroDB.Tests.SearchIntegrationTests.MatchTextAsync_MultiFieldWeights_AffectsRanking() in D:\proj\microbians\AeroDB\tests\AeroDB.Tests\SearchIntegrationTests.cs:487
    at AeroDB.Tests.SearchIntegrationTests.MatchTextAsync_MultiFieldWeights_AffectsRanking() in D:\proj\microbians\AeroDB\tests\AeroDB.Tests\SearchIntegrationTests.cs:487
       --- TUnit internals omitted (run with --detailed-stacktrace for full trace) ---
  --->  System.InvalidOperationException: Incorrect vector dimension (0). Expected a vector of 3 dimension.
    at AeroDB.DocumentSession.ThrowIfRawQueryFailed(SurrealDbResponse response) in D:\proj\microbians\AeroDB\src\AeroDB\DocumentSession.cs:1703
    at AeroDB.DocumentSession.CreateEntityAsync(Operation op, String table, ISurrealDbSession session, CancellationToken ct) in D:\proj\microbians\AeroDB\src\AeroDB\DocumentSession.cs:1485
    at AeroDB.DocumentSession.SaveChangesAsync(CancellationToken token) in D:\proj\microbians\AeroDB\src\AeroDB\DocumentSession.cs:759
    at AeroDB.DocumentSession.SaveChangesAsync(CancellationToken token) in D:\proj\microbians\AeroDB\src\AeroDB\DocumentSession.cs:1232
failed MatchTextAsync_BasicSearch_ReturnsMatchingDocuments (825ms)
  [Test Failure] InvalidOperationException: Failed to save changes.
  from D:\proj\microbians\AeroDB\tests\AeroDB.Tests\bin\Debug\net10.0\AeroDB.Tests.dll (net10.0|x64)
  TUnit.Engine.Exceptions.TestFailedException: [Test Failure] InvalidOperationException: Failed to save changes.
    at AeroDB.DocumentSession.SaveChangesAsync(CancellationToken token) in D:\proj\microbians\AeroDB\src\AeroDB\DocumentSession.cs:1271
    at AeroDB.Tests.SearchIntegrationTests.MatchTextAsync_BasicSearch_ReturnsMatchingDocuments() in D:\proj\microbians\AeroDB\tests\AeroDB.Tests\SearchIntegrationTests.cs:47
    at AeroDB.Tests.SearchIntegrationTests.MatchTextAsync_BasicSearch_ReturnsMatchingDocuments() in D:\proj\microbians\AeroDB\tests\AeroDB.Tests\SearchIntegrationTests.cs:66
    at AeroDB.Tests.SearchIntegrationTests.MatchTextAsync_BasicSearch_ReturnsMatchingDocuments() in D:\proj\microbians\AeroDB\tests\AeroDB.Tests\SearchIntegrationTests.cs:66
       --- TUnit internals omitted (run with --detailed-stacktrace for full trace) ---
  --->  System.InvalidOperationException: Incorrect vector dimension (0). Expected a vector of 3 dimension.
    at AeroDB.DocumentSession.ThrowIfRawQueryFailed(SurrealDbResponse response) in D:\proj\microbians\AeroDB\src\AeroDB\DocumentSession.cs:1703
    at AeroDB.DocumentSession.CreateEntityAsync(Operation op, String table, ISurrealDbSession session, CancellationToken ct) in D:\proj\microbians\AeroDB\src\AeroDB\DocumentSession.cs:1485
    at AeroDB.DocumentSession.SaveChangesAsync(CancellationToken token) in D:\proj\microbians\AeroDB\src\AeroDB\DocumentSession.cs:759
    at AeroDB.DocumentSession.SaveChangesAsync(CancellationToken token) in D:\proj\microbians\AeroDB\src\AeroDB\DocumentSession.cs:1232
failed MatchTextAsync_NoMatch_ReturnsEmpty (830ms)
  [Test Failure] InvalidOperationException: Failed to save changes.
  from D:\proj\microbians\AeroDB\tests\AeroDB.Tests\bin\Debug\net10.0\AeroDB.Tests.dll (net10.0|x64)
  TUnit.Engine.Exceptions.TestFailedException: [Test Failure] InvalidOperationException: Failed to save changes.
    at AeroDB.DocumentSession.SaveChangesAsync(CancellationToken token) in D:\proj\microbians\AeroDB\src\AeroDB\DocumentSession.cs:1271
    at AeroDB.Tests.SearchIntegrationTests.MatchTextAsync_NoMatch_ReturnsEmpty() in D:\proj\microbians\AeroDB\tests\AeroDB.Tests\SearchIntegrationTests.cs:137
    at AeroDB.Tests.SearchIntegrationTests.MatchTextAsync_NoMatch_ReturnsEmpty() in D:\proj\microbians\AeroDB\tests\AeroDB.Tests\SearchIntegrationTests.cs:143
    at AeroDB.Tests.SearchIntegrationTests.MatchTextAsync_NoMatch_ReturnsEmpty() in D:\proj\microbians\AeroDB\tests\AeroDB.Tests\SearchIntegrationTests.cs:143
       --- TUnit internals omitted (run with --detailed-stacktrace for full trace) ---
  --->  System.InvalidOperationException: Incorrect vector dimension (0). Expected a vector of 3 dimension.
    at AeroDB.DocumentSession.ThrowIfRawQueryFailed(SurrealDbResponse response) in D:\proj\microbians\AeroDB\src\AeroDB\DocumentSession.cs:1703
    at AeroDB.DocumentSession.CreateEntityAsync(Operation op, String table, ISurrealDbSession session, CancellationToken ct) in D:\proj\microbians\AeroDB\src\AeroDB\DocumentSession.cs:1485
    at AeroDB.DocumentSession.SaveChangesAsync(CancellationToken token) in D:\proj\microbians\AeroDB\src\AeroDB\DocumentSession.cs:759
    at AeroDB.DocumentSession.SaveChangesAsync(CancellationToken token) in D:\proj\microbians\AeroDB\src\AeroDB\DocumentSession.cs:1232
failed MatchTextAsync_UsesScore_ReturnsRankedResults (851ms)
  [Test Failure] InvalidOperationException: Failed to save changes.
  from D:\proj\microbians\AeroDB\tests\AeroDB.Tests\bin\Debug\net10.0\AeroDB.Tests.dll (net10.0|x64)
  TUnit.Engine.Exceptions.TestFailedException: [Test Failure] InvalidOperationException: Failed to save changes.
    at AeroDB.DocumentSession.SaveChangesAsync(CancellationToken token) in D:\proj\microbians\AeroDB\src\AeroDB\DocumentSession.cs:1271
    at AeroDB.Tests.SearchIntegrationTests.MatchTextAsync_UsesScore_ReturnsRankedResults() in D:\proj\microbians\AeroDB\tests\AeroDB.Tests\SearchIntegrationTests.cs:168
    at AeroDB.Tests.SearchIntegrationTests.MatchTextAsync_UsesScore_ReturnsRankedResults() in D:\proj\microbians\AeroDB\tests\AeroDB.Tests\SearchIntegrationTests.cs:191
    at AeroDB.Tests.SearchIntegrationTests.MatchTextAsync_UsesScore_ReturnsRankedResults() in D:\proj\microbians\AeroDB\tests\AeroDB.Tests\SearchIntegrationTests.cs:191
       --- TUnit internals omitted (run with --detailed-stacktrace for full trace) ---
  --->  System.InvalidOperationException: Incorrect vector dimension (0). Expected a vector of 3 dimension.
    at AeroDB.DocumentSession.ThrowIfRawQueryFailed(SurrealDbResponse response) in D:\proj\microbians\AeroDB\src\AeroDB\DocumentSession.cs:1703
    at AeroDB.DocumentSession.CreateEntityAsync(Operation op, String table, ISurrealDbSession session, CancellationToken ct) in D:\proj\microbians\AeroDB\src\AeroDB\DocumentSession.cs:1485
    at AeroDB.DocumentSession.SaveChangesAsync(CancellationToken token) in D:\proj\microbians\AeroDB\src\AeroDB\DocumentSession.cs:759
    at AeroDB.DocumentSession.SaveChangesAsync(CancellationToken token) in D:\proj\microbians\AeroDB\src\AeroDB\DocumentSession.cs:1232
failed MatchTextAsync_MultipleFields_SearchesAllFields (853ms)
  [Test Failure] InvalidOperationException: Failed to save changes.
  from D:\proj\microbians\AeroDB\tests\AeroDB.Tests\bin\Debug\net10.0\AeroDB.Tests.dll (net10.0|x64)
  TUnit.Engine.Exceptions.TestFailedException: [Test Failure] InvalidOperationException: Failed to save changes.
    at AeroDB.DocumentSession.SaveChangesAsync(CancellationToken token) in D:\proj\microbians\AeroDB\src\AeroDB\DocumentSession.cs:1271
    at AeroDB.Tests.SearchIntegrationTests.MatchTextAsync_MultipleFields_SearchesAllFields() in D:\proj\microbians\AeroDB\tests\AeroDB.Tests\SearchIntegrationTests.cs:92
    at AeroDB.Tests.SearchIntegrationTests.MatchTextAsync_MultipleFields_SearchesAllFields() in D:\proj\microbians\AeroDB\tests\AeroDB.Tests\SearchIntegrationTests.cs:115
    at AeroDB.Tests.SearchIntegrationTests.MatchTextAsync_MultipleFields_SearchesAllFields() in D:\proj\microbians\AeroDB\tests\AeroDB.Tests\SearchIntegrationTests.cs:115
       --- TUnit internals omitted (run with --detailed-stacktrace for full trace) ---
  --->  System.InvalidOperationException: Incorrect vector dimension (0). Expected a vector of 3 dimension.
    at AeroDB.DocumentSession.ThrowIfRawQueryFailed(SurrealDbResponse response) in D:\proj\microbians\AeroDB\src\AeroDB\DocumentSession.cs:1703
    at AeroDB.DocumentSession.CreateEntityAsync(Operation op, String table, ISurrealDbSession session, CancellationToken ct) in D:\proj\microbians\AeroDB\src\AeroDB\DocumentSession.cs:1485
    at AeroDB.DocumentSession.SaveChangesAsync(CancellationToken token) in D:\proj\microbians\AeroDB\src\AeroDB\DocumentSession.cs:759
    at AeroDB.DocumentSession.SaveChangesAsync(CancellationToken token) in D:\proj\microbians\AeroDB\src\AeroDB\DocumentSession.cs:1232
failed FullTextSearch_Limit_RespectsLimit (857ms)
  [Test Failure] InvalidOperationException: Failed to save changes.
  from D:\proj\microbians\AeroDB\tests\AeroDB.Tests\bin\Debug\net10.0\AeroDB.Tests.dll (net10.0|x64)
  TUnit.Engine.Exceptions.TestFailedException: [Test Failure] InvalidOperationException: Failed to save changes.
    at AeroDB.DocumentSession.SaveChangesAsync(CancellationToken token) in D:\proj\microbians\AeroDB\src\AeroDB\DocumentSession.cs:1271
    at AeroDB.Tests.SearchIntegrationTests.FullTextSearch_Limit_RespectsLimit() in D:\proj\microbians\AeroDB\tests\AeroDB.Tests\SearchIntegrationTests.cs:220
    at AeroDB.Tests.SearchIntegrationTests.FullTextSearch_Limit_RespectsLimit() in D:\proj\microbians\AeroDB\tests\AeroDB.Tests\SearchIntegrationTests.cs:233
    at AeroDB.Tests.SearchIntegrationTests.FullTextSearch_Limit_RespectsLimit() in D:\proj\microbians\AeroDB\tests\AeroDB.Tests\SearchIntegrationTests.cs:233
       --- TUnit internals omitted (run with --detailed-stacktrace for full trace) ---
  --->  System.InvalidOperationException: Incorrect vector dimension (0). Expected a vector of 3 dimension.
    at AeroDB.DocumentSession.ThrowIfRawQueryFailed(SurrealDbResponse response) in D:\proj\microbians\AeroDB\src\AeroDB\DocumentSession.cs:1703
    at AeroDB.DocumentSession.CreateEntityAsync(Operation op, String table, ISurrealDbSession session, CancellationToken ct) in D:\proj\microbians\AeroDB\src\AeroDB\DocumentSession.cs:1485
    at AeroDB.DocumentSession.SaveChangesAsync(CancellationToken token) in D:\proj\microbians\AeroDB\src\AeroDB\DocumentSession.cs:759
    at AeroDB.DocumentSession.SaveChangesAsync(CancellationToken token) in D:\proj\microbians\AeroDB\src\AeroDB\DocumentSession.cs:1232
failed VectorSimilaritySearch_ReturnsNearestNeighbors (921ms)
  [Test Failure] ShouldAssertException: results[0].Title
    should be
"X-Axis"
    but was
"Close"
    difference
Difference     |  |    |    |    |    |    |   
               | \|/  \|/  \|/  \|/  \|/  \|/  
Index          | 0    1    2    3    4    5    
Expected Value | X    -    A    x    i    s    
Actual Value   | C    l    o    s    e         
Expected Code  | 88   45   65   120  105  115  
Actual Code    | 67   108  111  115  101       
  from D:\proj\microbians\AeroDB\tests\AeroDB.Tests\bin\Debug\net10.0\AeroDB.Tests.dll (net10.0|x64)
  TUnit.Engine.Exceptions.TestFailedException: [Test Failure] ShouldAssertException: results[0].Title
      should be
  "X-Axis"
      but was
  "Close"
      difference
  Difference     |  |    |    |    |    |    |   
                 | \|/  \|/  \|/  \|/  \|/  \|/  
  Index          | 0    1    2    3    4    5    
  Expected Value | X    -    A    x    i    s    
  Actual Value   | C    l    o    s    e         
  Expected Code  | 88   45   65   120  105  115  
  Actual Code    | 67   108  111  115  101       
    at AeroDB.Tests.SearchIntegrationTests.VectorSimilaritySearch_ReturnsNearestNeighbors() in D:\proj\microbians\AeroDB\tests\AeroDB.Tests\SearchIntegrationTests.cs:330
    at System.Runtime.ExceptionServices.ExceptionDispatchInfo.Throw()
    at AeroDB.Tests.SearchIntegrationTests.VectorSimilaritySearch_ReturnsNearestNeighbors() in D:\proj\microbians\AeroDB\tests\AeroDB.Tests\SearchIntegrationTests.cs:333
    at System.Runtime.ExceptionServices.ExceptionDispatchInfo.Throw()
    at AeroDB.Tests.SearchIntegrationTests.VectorSimilaritySearch_ReturnsNearestNeighbors() in D:\proj\microbians\AeroDB\tests\AeroDB.Tests\SearchIntegrationTests.cs:333
    at System.Runtime.ExceptionServices.ExceptionDispatchInfo.Throw()
    at System.Runtime.CompilerServices.TaskAwaiter.ThrowForNonSuccess(Task task)
    at System.Runtime.CompilerServices.TaskAwaiter.HandleNonSuccessAndDebuggerNotification(Task task, ConfigureAwaitOptions options)
    at System.Runtime.ExceptionServices.ExceptionDispatchInfo.Throw()
    at System.Runtime.CompilerServices.TaskAwaiter.ThrowForNonSuccess(Task task)
    at System.Runtime.CompilerServices.TaskAwaiter.HandleNonSuccessAndDebuggerNotification(Task task, ConfigureAwaitOptions options)
    at System.Runtime.ExceptionServices.ExceptionDispatchInfo.Throw()
    at System.Runtime.CompilerServices.TaskAwaiter.ThrowForNonSuccess(Task task)
    at System.Runtime.CompilerServices.TaskAwaiter.HandleNonSuccessAndDebuggerNotification(Task task, ConfigureAwaitOptions options)
    at System.Runtime.ExceptionServices.ExceptionDispatchInfo.Throw()
    at System.Runtime.CompilerServices.TaskAwaiter.ThrowForNonSuccess(Task task)
    at System.Runtime.CompilerServices.TaskAwaiter.HandleNonSuccessAndDebuggerNotification(Task task, ConfigureAwaitOptions options)
       --- TUnit internals omitted (run with --detailed-stacktrace for full trace) ---
failed RawSurrealQL_VectorCosineSimilarity_ReturnsRankedResults (981ms)
  [Test Failure] ShouldAssertException: results[1].Title
    should be
"Medium"
    but was
"Data Science Overview"
    difference
Difference     |  |    |    |    |    |    |    |    |    |    |    |    |    |    |    |    |    |    |    |    |    |   
               | \|/  \|/  \|/  \|/  \|/  \|/  \|/  \|/  \|/  \|/  \|/  \|/  \|/  \|/  \|/  \|/  \|/  \|/  \|/  \|/  \|/  
Index          | 0    1    2    3    4    5    6    7    8    9    10   11   12   13   14   15   16   17   18   19   20   
Expected Value | M    e    d    i    u    m                                                                               
Actual Value   | D    a    t    a    \s   S    c    i    e    n    c    e    \s   O    v    e    r    v    i    e    w    
Expected Code  | 77   101  100  105  117  109                                                                             
Actual Code    | 68   97   116  97   32   83   99   105  101  110  99   101  32   79   118  101  114  118  105  101  119  
  from D:\proj\microbians\AeroDB\tests\AeroDB.Tests\bin\Debug\net10.0\AeroDB.Tests.dll (net10.0|x64)
  TUnit.Engine.Exceptions.TestFailedException: [Test Failure] ShouldAssertException: results[1].Title
      should be
  "Medium"
      but was
  "Data Science Overview"
      difference
  Difference     |  |    |    |    |    |    |    |    |    |    |    |    |    |    |    |    |    |    |    |    |    |   
                 | \|/  \|/  \|/  \|/  \|/  \|/  \|/  \|/  \|/  \|/  \|/  \|/  \|/  \|/  \|/  \|/  \|/  \|/  \|/  \|/  \|/  
  Index          | 0    1    2    3    4    5    6    7    8    9    10   11   12   13   14   15   16   17   18   19   20   
  Expected Value | M    e    d    i    u    m                                                                               
  Actual Value   | D    a    t    a    \s   S    c    i    e    n    c    e    \s   O    v    e    r    v    i    e    w    
  Expected Code  | 77   101  100  105  117  109                                                                             
  Actual Code    | 68   97   116  97   32   83   99   105  101  110  99   101  32   79   118  101  114  118  105  101  119  
    at AeroDB.Tests.SearchIntegrationTests.RawSurrealQL_VectorCosineSimilarity_ReturnsRankedResults() in D:\proj\microbians\AeroDB\tests\AeroDB.Tests\SearchIntegrationTests.cs:555
    at System.Runtime.ExceptionServices.ExceptionDispatchInfo.Throw()
    at AeroDB.Tests.SearchIntegrationTests.RawSurrealQL_VectorCosineSimilarity_ReturnsRankedResults() in D:\proj\microbians\AeroDB\tests\AeroDB.Tests\SearchIntegrationTests.cs:557
    at System.Runtime.ExceptionServices.ExceptionDispatchInfo.Throw()
    at AeroDB.Tests.SearchIntegrationTests.RawSurrealQL_VectorCosineSimilarity_ReturnsRankedResults() in D:\proj\microbians\AeroDB\tests\AeroDB.Tests\SearchIntegrationTests.cs:557
    at System.Runtime.ExceptionServices.ExceptionDispatchInfo.Throw()
    at System.Runtime.CompilerServices.TaskAwaiter.ThrowForNonSuccess(Task task)
    at System.Runtime.CompilerServices.TaskAwaiter.HandleNonSuccessAndDebuggerNotification(Task task, ConfigureAwaitOptions options)
    at System.Runtime.ExceptionServices.ExceptionDispatchInfo.Throw()
    at System.Runtime.CompilerServices.TaskAwaiter.ThrowForNonSuccess(Task task)
    at System.Runtime.CompilerServices.TaskAwaiter.HandleNonSuccessAndDebuggerNotification(Task task, ConfigureAwaitOptions options)
    at System.Runtime.ExceptionServices.ExceptionDispatchInfo.Throw()
    at System.Runtime.CompilerServices.TaskAwaiter.ThrowForNonSuccess(Task task)
    at System.Runtime.CompilerServices.TaskAwaiter.HandleNonSuccessAndDebuggerNotification(Task task, ConfigureAwaitOptions options)
    at System.Runtime.ExceptionServices.ExceptionDispatchInfo.Throw()
    at System.Runtime.CompilerServices.TaskAwaiter.ThrowForNonSuccess(Task task)
    at System.Runtime.CompilerServices.TaskAwaiter.HandleNonSuccessAndDebuggerNotification(Task task, ConfigureAwaitOptions options)
       --- TUnit internals omitted (run with --detailed-stacktrace for full trace) ---
failed Concurrency_ExceptionTypeExists (126ms)
  [Test Failure] InvalidOperationException: Wolverine is running in TypeLoadMode.Dynamic, which compiles handler/middleware code at runtime, but no IAssemblyGenerator (Roslyn) is registered. Core WolverineFx no longer ships the runtime compiler. Either add the 'WolverineFx.RuntimeCompilation' NuGet package (it auto-registers when referenced, or call opts.UseRuntimeCompilation() in UseWolverine(...)), or pre-generate code with 'dotnet run -- codegen write' and set opts.CodeGeneration.TypeLoadMode = TypeLoadMode.Static. See https://wolverinefx.net/guide/codegen.html (GH-2876).
  from D:\proj\microbians\AeroDB\tests\AeroDB.Tests\bin\Debug\net10.0\AeroDB.Tests.dll (net10.0|x64)
  TUnit.Engine.Exceptions.TestFailedException: [Test Failure] InvalidOperationException: Wolverine is running in TypeLoadMode.Dynamic, which compiles handler/middleware code at runtime, but no IAssemblyGenerator (Roslyn) is registered. Core WolverineFx no longer ships the runtime compiler. Either add the 'WolverineFx.RuntimeCompilation' NuGet package (it auto-registers when referenced, or call opts.UseRuntimeCompilation() in UseWolverine(...)), or pre-generate code with 'dotnet run -- codegen write' and set opts.CodeGeneration.TypeLoadMode = TypeLoadMode.Static. See https://wolverinefx.net/guide/codegen.html (GH-2876).
    at Wolverine.Runtime.WolverineRuntime.logCodeGenerationConfiguration() in /home/runner/work/wolverine/wolverine/src/Wolverine/Runtime/WolverineRuntime.HostService.cs:296
    at Wolverine.Runtime.WolverineRuntime.StartAsync(CancellationToken cancellationToken) in /home/runner/work/wolverine/wolverine/src/Wolverine/Runtime/WolverineRuntime.HostService.cs:62
    at Microsoft.Extensions.Hosting.Internal.Host.<StartAsync>b__14_1(IHostedService service, CancellationToken token)
    at Microsoft.Extensions.Hosting.Internal.Host.ForeachService[T](IEnumerable`1 services, CancellationToken token, Boolean concurrent, Boolean abortOnFirstException, List`1 exceptions, Func`3 operation)
    at Microsoft.Extensions.Hosting.Internal.Host.StartAsync(CancellationToken cancellationToken)
    at AeroDB.Tests.AeroDBWolverineIntegrationTests.BuildWolverineHostAsync(Action`1 extraWolverineConfig, Action`1 configureStore) in D:\proj\microbians\AeroDB\tests\AeroDB.Tests\WolverineFx\AeroDBWolverineIntegrationTests.cs:109
    at AeroDB.Tests.AeroDBWolverineIntegrationTests.Concurrency_ExceptionTypeExists() in D:\proj\microbians\AeroDB\tests\AeroDB.Tests\WolverineFx\AeroDBWolverineIntegrationTests.cs:302
       --- TUnit internals omitted (run with --detailed-stacktrace for full trace) ---
  Standard output
    info: Wolverine.Runtime.WolverineRuntime[0]
          Exporting Open Telemetry metrics from Wolverine with name Wolverine:AeroDB.Tests, version 6.16.0.0
    info: Wolverine.Runtime.WolverineRuntime[0]
          Starting Wolverine messaging for application assembly AeroDB.Tests, Version=1.0.0.0, Culture=neutral, PublicKeyToken=null
    fail: Wolverine.Runtime.WolverineRuntime[0]
          Failed to start the Wolverine messaging
          System.InvalidOperationException: Wolverine is running in TypeLoadMode.Dynamic, which compiles handler/middleware code at runtime, but no IAssemblyGenerator (Roslyn) is registered. Core WolverineFx no longer ships the runtime compiler. Either add the 'WolverineFx.RuntimeCompilation' NuGet package (it auto-registers when referenced, or call opts.UseRuntimeCompilation() in UseWolverine(...)), or pre-generate code with 'dotnet run -- codegen write' and set opts.CodeGeneration.TypeLoadMode = TypeLoadMode.Static. See https://wolverinefx.net/guide/codegen.html (GH-2876).
             at Wolverine.Runtime.WolverineRuntime.logCodeGenerationConfiguration() in /home/runner/work/wolverine/wolverine/src/Wolverine/Runtime/WolverineRuntime.HostService.cs:line 296
             at Wolverine.Runtime.WolverineRuntime.StartAsync(CancellationToken cancellationToken) in /home/runner/work/wolverine/wolverine/src/Wolverine/Runtime/WolverineRuntime.HostService.cs:line 62
    fail: Microsoft.Extensions.Hosting.Internal.Host[11]
          Hosting failed to start
          System.InvalidOperationException: Wolverine is running in TypeLoadMode.Dynamic, which compiles handler/middleware code at runtime, but no IAssemblyGenerator (Roslyn) is registered. Core WolverineFx no longer ships the runtime compiler. Either add the 'WolverineFx.RuntimeCompilation' NuGet package (it auto-registers when referenced, or call opts.UseRuntimeCompilation() in UseWolverine(...)), or pre-generate code with 'dotnet run -- codegen write' and set opts.CodeGeneration.TypeLoadMode = TypeLoadMode.Static. See https://wolverinefx.net/guide/codegen.html (GH-2876).
             at Wolverine.Runtime.WolverineRuntime.logCodeGenerationConfiguration() in /home/runner/work/wolverine/wolverine/src/Wolverine/Runtime/WolverineRuntime.HostService.cs:line 296
             at Wolverine.Runtime.WolverineRuntime.StartAsync(CancellationToken cancellationToken) in /home/runner/work/wolverine/wolverine/src/Wolverine/Runtime/WolverineRuntime.HostService.cs:line 62
             at Microsoft.Extensions.Hosting.Internal.Host.<StartAsync>b__14_1(IHostedService service, CancellationToken token)
             at Microsoft.Extensions.Hosting.Internal.Host.ForeachService[T](IEnumerable`1 services, CancellationToken token, Boolean concurrent, Boolean abortOnFirstException, List`1 exceptions, Func`3 operation)
    
    
  Error output
failed ScheduledJobAgent_StartAndStop (84ms)
  [Test Failure] InvalidOperationException: Wolverine is running in TypeLoadMode.Dynamic, which compiles handler/middleware code at runtime, but no IAssemblyGenerator (Roslyn) is registered. Core WolverineFx no longer ships the runtime compiler. Either add the 'WolverineFx.RuntimeCompilation' NuGet package (it auto-registers when referenced, or call opts.UseRuntimeCompilation() in UseWolverine(...)), or pre-generate code with 'dotnet run -- codegen write' and set opts.CodeGeneration.TypeLoadMode = TypeLoadMode.Static. See https://wolverinefx.net/guide/codegen.html (GH-2876).
  from D:\proj\microbians\AeroDB\tests\AeroDB.Tests\bin\Debug\net10.0\AeroDB.Tests.dll (net10.0|x64)
  TUnit.Engine.Exceptions.TestFailedException: [Test Failure] InvalidOperationException: Wolverine is running in TypeLoadMode.Dynamic, which compiles handler/middleware code at runtime, but no IAssemblyGenerator (Roslyn) is registered. Core WolverineFx no longer ships the runtime compiler. Either add the 'WolverineFx.RuntimeCompilation' NuGet package (it auto-registers when referenced, or call opts.UseRuntimeCompilation() in UseWolverine(...)), or pre-generate code with 'dotnet run -- codegen write' and set opts.CodeGeneration.TypeLoadMode = TypeLoadMode.Static. See https://wolverinefx.net/guide/codegen.html (GH-2876).
    at Wolverine.Runtime.WolverineRuntime.logCodeGenerationConfiguration() in /home/runner/work/wolverine/wolverine/src/Wolverine/Runtime/WolverineRuntime.HostService.cs:296
    at Wolverine.Runtime.WolverineRuntime.StartAsync(CancellationToken cancellationToken) in /home/runner/work/wolverine/wolverine/src/Wolverine/Runtime/WolverineRuntime.HostService.cs:62
    at Microsoft.Extensions.Hosting.Internal.Host.<StartAsync>b__14_1(IHostedService service, CancellationToken token)
    at Microsoft.Extensions.Hosting.Internal.Host.ForeachService[T](IEnumerable`1 services, CancellationToken token, Boolean concurrent, Boolean abortOnFirstException, List`1 exceptions, Func`3 operation)
    at Microsoft.Extensions.Hosting.Internal.Host.StartAsync(CancellationToken cancellationToken)
    at AeroDB.Tests.AeroDBWolverineIntegrationTests.BuildWolverineHostAsync(Action`1 extraWolverineConfig, Action`1 configureStore) in D:\proj\microbians\AeroDB\tests\AeroDB.Tests\WolverineFx\AeroDBWolverineIntegrationTests.cs:109
    at AeroDB.Tests.AeroDBWolverineIntegrationTests.ScheduledJobAgent_StartAndStop() in D:\proj\microbians\AeroDB\tests\AeroDB.Tests\WolverineFx\AeroDBWolverineIntegrationTests.cs:707
       --- TUnit internals omitted (run with --detailed-stacktrace for full trace) ---
  Standard output
    info: Wolverine.Runtime.WolverineRuntime[0]
          Exporting Open Telemetry metrics from Wolverine with name Wolverine:AeroDB.Tests, version 6.16.0.0
    info: Wolverine.Runtime.WolverineRuntime[0]
          Starting Wolverine messaging for application assembly AeroDB.Tests, Version=1.0.0.0, Culture=neutral, PublicKeyToken=null
    fail: Wolverine.Runtime.WolverineRuntime[0]
          Failed to start the Wolverine messaging
          System.InvalidOperationException: Wolverine is running in TypeLoadMode.Dynamic, which compiles handler/middleware code at runtime, but no IAssemblyGenerator (Roslyn) is registered. Core WolverineFx no longer ships the runtime compiler. Either add the 'WolverineFx.RuntimeCompilation' NuGet package (it auto-registers when referenced, or call opts.UseRuntimeCompilation() in UseWolverine(...)), or pre-generate code with 'dotnet run -- codegen write' and set opts.CodeGeneration.TypeLoadMode = TypeLoadMode.Static. See https://wolverinefx.net/guide/codegen.html (GH-2876).
             at Wolverine.Runtime.WolverineRuntime.logCodeGenerationConfiguration() in /home/runner/work/wolverine/wolverine/src/Wolverine/Runtime/WolverineRuntime.HostService.cs:line 296
             at Wolverine.Runtime.WolverineRuntime.StartAsync(CancellationToken cancellationToken) in /home/runner/work/wolverine/wolverine/src/Wolverine/Runtime/WolverineRuntime.HostService.cs:line 62
    fail: Microsoft.Extensions.Hosting.Internal.Host[11]
          Hosting failed to start
          System.InvalidOperationException: Wolverine is running in TypeLoadMode.Dynamic, which compiles handler/middleware code at runtime, but no IAssemblyGenerator (Roslyn) is registered. Core WolverineFx no longer ships the runtime compiler. Either add the 'WolverineFx.RuntimeCompilation' NuGet package (it auto-registers when referenced, or call opts.UseRuntimeCompilation() in UseWolverine(...)), or pre-generate code with 'dotnet run -- codegen write' and set opts.CodeGeneration.TypeLoadMode = TypeLoadMode.Static. See https://wolverinefx.net/guide/codegen.html (GH-2876).
             at Wolverine.Runtime.WolverineRuntime.logCodeGenerationConfiguration() in /home/runner/work/wolverine/wolverine/src/Wolverine/Runtime/WolverineRuntime.HostService.cs:line 296
             at Wolverine.Runtime.WolverineRuntime.StartAsync(CancellationToken cancellationToken) in /home/runner/work/wolverine/wolverine/src/Wolverine/Runtime/WolverineRuntime.HostService.cs:line 62
             at Microsoft.Extensions.Hosting.Internal.Host.<StartAsync>b__14_1(IHostedService service, CancellationToken token)
             at Microsoft.Extensions.Hosting.Internal.Host.ForeachService[T](IEnumerable`1 services, CancellationToken token, Boolean concurrent, Boolean abortOnFirstException, List`1 exceptions, Func`3 operation)
    
    
  Error output
failed MultiTenancy_TenantScopedSession (13ms)
  [Test Failure] InvalidOperationException: Wolverine is running in TypeLoadMode.Dynamic, which compiles handler/middleware code at runtime, but no IAssemblyGenerator (Roslyn) is registered. Core WolverineFx no longer ships the runtime compiler. Either add the 'WolverineFx.RuntimeCompilation' NuGet package (it auto-registers when referenced, or call opts.UseRuntimeCompilation() in UseWolverine(...)), or pre-generate code with 'dotnet run -- codegen write' and set opts.CodeGeneration.TypeLoadMode = TypeLoadMode.Static. See https://wolverinefx.net/guide/codegen.html (GH-2876).
  from D:\proj\microbians\AeroDB\tests\AeroDB.Tests\bin\Debug\net10.0\AeroDB.Tests.dll (net10.0|x64)
  TUnit.Engine.Exceptions.TestFailedException: [Test Failure] InvalidOperationException: Wolverine is running in TypeLoadMode.Dynamic, which compiles handler/middleware code at runtime, but no IAssemblyGenerator (Roslyn) is registered. Core WolverineFx no longer ships the runtime compiler. Either add the 'WolverineFx.RuntimeCompilation' NuGet package (it auto-registers when referenced, or call opts.UseRuntimeCompilation() in UseWolverine(...)), or pre-generate code with 'dotnet run -- codegen write' and set opts.CodeGeneration.TypeLoadMode = TypeLoadMode.Static. See https://wolverinefx.net/guide/codegen.html (GH-2876).
    at Wolverine.Runtime.WolverineRuntime.logCodeGenerationConfiguration() in /home/runner/work/wolverine/wolverine/src/Wolverine/Runtime/WolverineRuntime.HostService.cs:296
    at Wolverine.Runtime.WolverineRuntime.StartAsync(CancellationToken cancellationToken) in /home/runner/work/wolverine/wolverine/src/Wolverine/Runtime/WolverineRuntime.HostService.cs:62
    at Microsoft.Extensions.Hosting.Internal.Host.<StartAsync>b__14_1(IHostedService service, CancellationToken token)
    at Microsoft.Extensions.Hosting.Internal.Host.ForeachService[T](IEnumerable`1 services, CancellationToken token, Boolean concurrent, Boolean abortOnFirstException, List`1 exceptions, Func`3 operation)
    at Microsoft.Extensions.Hosting.Internal.Host.StartAsync(CancellationToken cancellationToken)
    at AeroDB.Tests.AeroDBWolverineIntegrationTests.BuildWolverineHostAsync(Action`1 extraWolverineConfig, Action`1 configureStore) in D:\proj\microbians\AeroDB\tests\AeroDB.Tests\WolverineFx\AeroDBWolverineIntegrationTests.cs:109
    at AeroDB.Tests.AeroDBWolverineIntegrationTests.MultiTenancy_TenantScopedSession() in D:\proj\microbians\AeroDB\tests\AeroDB.Tests\WolverineFx\AeroDBWolverineIntegrationTests.cs:471
       --- TUnit internals omitted (run with --detailed-stacktrace for full trace) ---
  Standard output
    info: Wolverine.Runtime.WolverineRuntime[0]
          Exporting Open Telemetry metrics from Wolverine with name Wolverine:AeroDB.Tests, version 6.16.0.0
    info: Wolverine.Runtime.WolverineRuntime[0]
          Starting Wolverine messaging for application assembly AeroDB.Tests, Version=1.0.0.0, Culture=neutral, PublicKeyToken=null
    fail: Wolverine.Runtime.WolverineRuntime[0]
          Failed to start the Wolverine messaging
          System.InvalidOperationException: Wolverine is running in TypeLoadMode.Dynamic, which compiles handler/middleware code at runtime, but no IAssemblyGenerator (Roslyn) is registered. Core WolverineFx no longer ships the runtime compiler. Either add the 'WolverineFx.RuntimeCompilation' NuGet package (it auto-registers when referenced, or call opts.UseRuntimeCompilation() in UseWolverine(...)), or pre-generate code with 'dotnet run -- codegen write' and set opts.CodeGeneration.TypeLoadMode = TypeLoadMode.Static. See https://wolverinefx.net/guide/codegen.html (GH-2876).
             at Wolverine.Runtime.WolverineRuntime.logCodeGenerationConfiguration() in /home/runner/work/wolverine/wolverine/src/Wolverine/Runtime/WolverineRuntime.HostService.cs:line 296
             at Wolverine.Runtime.WolverineRuntime.StartAsync(CancellationToken cancellationToken) in /home/runner/work/wolverine/wolverine/src/Wolverine/Runtime/WolverineRuntime.HostService.cs:line 62
    fail: Microsoft.Extensions.Hosting.Internal.Host[11]
          Hosting failed to start
          System.InvalidOperationException: Wolverine is running in TypeLoadMode.Dynamic, which compiles handler/middleware code at runtime, but no IAssemblyGenerator (Roslyn) is registered. Core WolverineFx no longer ships the runtime compiler. Either add the 'WolverineFx.RuntimeCompilation' NuGet package (it auto-registers when referenced, or call opts.UseRuntimeCompilation() in UseWolverine(...)), or pre-generate code with 'dotnet run -- codegen write' and set opts.CodeGeneration.TypeLoadMode = TypeLoadMode.Static. See https://wolverinefx.net/guide/codegen.html (GH-2876).
             at Wolverine.Runtime.WolverineRuntime.logCodeGenerationConfiguration() in /home/runner/work/wolverine/wolverine/src/Wolverine/Runtime/WolverineRuntime.HostService.cs:line 296
             at Wolverine.Runtime.WolverineRuntime.StartAsync(CancellationToken cancellationToken) in /home/runner/work/wolverine/wolverine/src/Wolverine/Runtime/WolverineRuntime.HostService.cs:line 62
             at Microsoft.Extensions.Hosting.Internal.Host.<StartAsync>b__14_1(IHostedService service, CancellationToken token)
             at Microsoft.Extensions.Hosting.Internal.Host.ForeachService[T](IEnumerable`1 services, CancellationToken token, Boolean concurrent, Boolean abortOnFirstException, List`1 exceptions, Func`3 operation)
    
    
  Error output
failed Host_BootsWithAeroDBPersistence (30ms)
  [Test Failure] InvalidOperationException: Wolverine is running in TypeLoadMode.Dynamic, which compiles handler/middleware code at runtime, but no IAssemblyGenerator (Roslyn) is registered. Core WolverineFx no longer ships the runtime compiler. Either add the 'WolverineFx.RuntimeCompilation' NuGet package (it auto-registers when referenced, or call opts.UseRuntimeCompilation() in UseWolverine(...)), or pre-generate code with 'dotnet run -- codegen write' and set opts.CodeGeneration.TypeLoadMode = TypeLoadMode.Static. See https://wolverinefx.net/guide/codegen.html (GH-2876).
  from D:\proj\microbians\AeroDB\tests\AeroDB.Tests\bin\Debug\net10.0\AeroDB.Tests.dll (net10.0|x64)
  TUnit.Engine.Exceptions.TestFailedException: [Test Failure] InvalidOperationException: Wolverine is running in TypeLoadMode.Dynamic, which compiles handler/middleware code at runtime, but no IAssemblyGenerator (Roslyn) is registered. Core WolverineFx no longer ships the runtime compiler. Either add the 'WolverineFx.RuntimeCompilation' NuGet package (it auto-registers when referenced, or call opts.UseRuntimeCompilation() in UseWolverine(...)), or pre-generate code with 'dotnet run -- codegen write' and set opts.CodeGeneration.TypeLoadMode = TypeLoadMode.Static. See https://wolverinefx.net/guide/codegen.html (GH-2876).
    at Wolverine.Runtime.WolverineRuntime.logCodeGenerationConfiguration() in /home/runner/work/wolverine/wolverine/src/Wolverine/Runtime/WolverineRuntime.HostService.cs:296
    at Wolverine.Runtime.WolverineRuntime.StartAsync(CancellationToken cancellationToken) in /home/runner/work/wolverine/wolverine/src/Wolverine/Runtime/WolverineRuntime.HostService.cs:62
    at Microsoft.Extensions.Hosting.Internal.Host.<StartAsync>b__14_1(IHostedService service, CancellationToken token)
    at Microsoft.Extensions.Hosting.Internal.Host.ForeachService[T](IEnumerable`1 services, CancellationToken token, Boolean concurrent, Boolean abortOnFirstException, List`1 exceptions, Func`3 operation)
    at Microsoft.Extensions.Hosting.Internal.Host.StartAsync(CancellationToken cancellationToken)
    at AeroDB.Tests.AeroDBWolverineIntegrationTests.BuildWolverineHostAsync(Action`1 extraWolverineConfig, Action`1 configureStore) in D:\proj\microbians\AeroDB\tests\AeroDB.Tests\WolverineFx\AeroDBWolverineIntegrationTests.cs:109
    at AeroDB.Tests.AeroDBWolverineIntegrationTests.Host_BootsWithAeroDBPersistence() in D:\proj\microbians\AeroDB\tests\AeroDB.Tests\WolverineFx\AeroDBWolverineIntegrationTests.cs:118
       --- TUnit internals omitted (run with --detailed-stacktrace for full trace) ---
  Standard output
    info: Wolverine.Runtime.WolverineRuntime[0]
          Exporting Open Telemetry metrics from Wolverine with name Wolverine:AeroDB.Tests, version 6.16.0.0
    info: Wolverine.Runtime.WolverineRuntime[0]
          Starting Wolverine messaging for application assembly AeroDB.Tests, Version=1.0.0.0, Culture=neutral, PublicKeyToken=null
    fail: Wolverine.Runtime.WolverineRuntime[0]
          Failed to start the Wolverine messaging
          System.InvalidOperationException: Wolverine is running in TypeLoadMode.Dynamic, which compiles handler/middleware code at runtime, but no IAssemblyGenerator (Roslyn) is registered. Core WolverineFx no longer ships the runtime compiler. Either add the 'WolverineFx.RuntimeCompilation' NuGet package (it auto-registers when referenced, or call opts.UseRuntimeCompilation() in UseWolverine(...)), or pre-generate code with 'dotnet run -- codegen write' and set opts.CodeGeneration.TypeLoadMode = TypeLoadMode.Static. See https://wolverinefx.net/guide/codegen.html (GH-2876).
             at Wolverine.Runtime.WolverineRuntime.logCodeGenerationConfiguration() in /home/runner/work/wolverine/wolverine/src/Wolverine/Runtime/WolverineRuntime.HostService.cs:line 296
             at Wolverine.Runtime.WolverineRuntime.StartAsync(CancellationToken cancellationToken) in /home/runner/work/wolverine/wolverine/src/Wolverine/Runtime/WolverineRuntime.HostService.cs:line 62
    fail: Microsoft.Extensions.Hosting.Internal.Host[11]
          Hosting failed to start
          System.InvalidOperationException: Wolverine is running in TypeLoadMode.Dynamic, which compiles handler/middleware code at runtime, but no IAssemblyGenerator (Roslyn) is registered. Core WolverineFx no longer ships the runtime compiler. Either add the 'WolverineFx.RuntimeCompilation' NuGet package (it auto-registers when referenced, or call opts.UseRuntimeCompilation() in UseWolverine(...)), or pre-generate code with 'dotnet run -- codegen write' and set opts.CodeGeneration.TypeLoadMode = TypeLoadMode.Static. See https://wolverinefx.net/guide/codegen.html (GH-2876).
             at Wolverine.Runtime.WolverineRuntime.logCodeGenerationConfiguration() in /home/runner/work/wolverine/wolverine/src/Wolverine/Runtime/WolverineRuntime.HostService.cs:line 296
             at Wolverine.Runtime.WolverineRuntime.StartAsync(CancellationToken cancellationToken) in /home/runner/work/wolverine/wolverine/src/Wolverine/Runtime/WolverineRuntime.HostService.cs:line 62
             at Microsoft.Extensions.Hosting.Internal.Host.<StartAsync>b__14_1(IHostedService service, CancellationToken token)
             at Microsoft.Extensions.Hosting.Internal.Host.ForeachService[T](IEnumerable`1 services, CancellationToken token, Boolean concurrent, Boolean abortOnFirstException, List`1 exceptions, Func`3 operation)
    
    
  Error output
failed Handler_SimpleDispatch (26ms)
  [Test Failure] InvalidOperationException: Wolverine is running in TypeLoadMode.Dynamic, which compiles handler/middleware code at runtime, but no IAssemblyGenerator (Roslyn) is registered. Core WolverineFx no longer ships the runtime compiler. Either add the 'WolverineFx.RuntimeCompilation' NuGet package (it auto-registers when referenced, or call opts.UseRuntimeCompilation() in UseWolverine(...)), or pre-generate code with 'dotnet run -- codegen write' and set opts.CodeGeneration.TypeLoadMode = TypeLoadMode.Static. See https://wolverinefx.net/guide/codegen.html (GH-2876).
  from D:\proj\microbians\AeroDB\tests\AeroDB.Tests\bin\Debug\net10.0\AeroDB.Tests.dll (net10.0|x64)
  TUnit.Engine.Exceptions.TestFailedException: [Test Failure] InvalidOperationException: Wolverine is running in TypeLoadMode.Dynamic, which compiles handler/middleware code at runtime, but no IAssemblyGenerator (Roslyn) is registered. Core WolverineFx no longer ships the runtime compiler. Either add the 'WolverineFx.RuntimeCompilation' NuGet package (it auto-registers when referenced, or call opts.UseRuntimeCompilation() in UseWolverine(...)), or pre-generate code with 'dotnet run -- codegen write' and set opts.CodeGeneration.TypeLoadMode = TypeLoadMode.Static. See https://wolverinefx.net/guide/codegen.html (GH-2876).
    at Wolverine.Runtime.WolverineRuntime.logCodeGenerationConfiguration() in /home/runner/work/wolverine/wolverine/src/Wolverine/Runtime/WolverineRuntime.HostService.cs:296
    at Wolverine.Runtime.WolverineRuntime.StartAsync(CancellationToken cancellationToken) in /home/runner/work/wolverine/wolverine/src/Wolverine/Runtime/WolverineRuntime.HostService.cs:62
    at Microsoft.Extensions.Hosting.Internal.Host.<StartAsync>b__14_1(IHostedService service, CancellationToken token)
    at Microsoft.Extensions.Hosting.Internal.Host.ForeachService[T](IEnumerable`1 services, CancellationToken token, Boolean concurrent, Boolean abortOnFirstException, List`1 exceptions, Func`3 operation)
    at Microsoft.Extensions.Hosting.Internal.Host.StartAsync(CancellationToken cancellationToken)
    at AeroDB.Tests.AeroDBWolverineIntegrationTests.BuildWolverineHostAsync(Action`1 extraWolverineConfig, Action`1 configureStore) in D:\proj\microbians\AeroDB\tests\AeroDB.Tests\WolverineFx\AeroDBWolverineIntegrationTests.cs:109
    at AeroDB.Tests.AeroDBWolverineIntegrationTests.Handler_SimpleDispatch() in D:\proj\microbians\AeroDB\tests\AeroDB.Tests\WolverineFx\AeroDBWolverineIntegrationTests.cs:127
       --- TUnit internals omitted (run with --detailed-stacktrace for full trace) ---
  Standard output
    info: Wolverine.Runtime.WolverineRuntime[0]
          Exporting Open Telemetry metrics from Wolverine with name Wolverine:AeroDB.Tests, version 6.16.0.0
    info: Wolverine.Runtime.WolverineRuntime[0]
          Starting Wolverine messaging for application assembly AeroDB.Tests, Version=1.0.0.0, Culture=neutral, PublicKeyToken=null
    fail: Wolverine.Runtime.WolverineRuntime[0]
          Failed to start the Wolverine messaging
          System.InvalidOperationException: Wolverine is running in TypeLoadMode.Dynamic, which compiles handler/middleware code at runtime, but no IAssemblyGenerator (Roslyn) is registered. Core WolverineFx no longer ships the runtime compiler. Either add the 'WolverineFx.RuntimeCompilation' NuGet package (it auto-registers when referenced, or call opts.UseRuntimeCompilation() in UseWolverine(...)), or pre-generate code with 'dotnet run -- codegen write' and set opts.CodeGeneration.TypeLoadMode = TypeLoadMode.Static. See https://wolverinefx.net/guide/codegen.html (GH-2876).
             at Wolverine.Runtime.WolverineRuntime.logCodeGenerationConfiguration() in /home/runner/work/wolverine/wolverine/src/Wolverine/Runtime/WolverineRuntime.HostService.cs:line 296
             at Wolverine.Runtime.WolverineRuntime.StartAsync(CancellationToken cancellationToken) in /home/runner/work/wolverine/wolverine/src/Wolverine/Runtime/WolverineRuntime.HostService.cs:line 62
    fail: Microsoft.Extensions.Hosting.Internal.Host[11]
          Hosting failed to start
          System.InvalidOperationException: Wolverine is running in TypeLoadMode.Dynamic, which compiles handler/middleware code at runtime, but no IAssemblyGenerator (Roslyn) is registered. Core WolverineFx no longer ships the runtime compiler. Either add the 'WolverineFx.RuntimeCompilation' NuGet package (it auto-registers when referenced, or call opts.UseRuntimeCompilation() in UseWolverine(...)), or pre-generate code with 'dotnet run -- codegen write' and set opts.CodeGeneration.TypeLoadMode = TypeLoadMode.Static. See https://wolverinefx.net/guide/codegen.html (GH-2876).
             at Wolverine.Runtime.WolverineRuntime.logCodeGenerationConfiguration() in /home/runner/work/wolverine/wolverine/src/Wolverine/Runtime/WolverineRuntime.HostService.cs:line 296
             at Wolverine.Runtime.WolverineRuntime.StartAsync(CancellationToken cancellationToken) in /home/runner/work/wolverine/wolverine/src/Wolverine/Runtime/WolverineRuntime.HostService.cs:line 62
             at Microsoft.Extensions.Hosting.Internal.Host.<StartAsync>b__14_1(IHostedService service, CancellationToken token)
             at Microsoft.Extensions.Hosting.Internal.Host.ForeachService[T](IEnumerable`1 services, CancellationToken token, Boolean concurrent, Boolean abortOnFirstException, List`1 exceptions, Func`3 operation)
    
    
  Error output
failed MessageStore_StoreIncomingEnvelope (29ms)
  [Test Failure] InvalidOperationException: Wolverine is running in TypeLoadMode.Dynamic, which compiles handler/middleware code at runtime, but no IAssemblyGenerator (Roslyn) is registered. Core WolverineFx no longer ships the runtime compiler. Either add the 'WolverineFx.RuntimeCompilation' NuGet package (it auto-registers when referenced, or call opts.UseRuntimeCompilation() in UseWolverine(...)), or pre-generate code with 'dotnet run -- codegen write' and set opts.CodeGeneration.TypeLoadMode = TypeLoadMode.Static. See https://wolverinefx.net/guide/codegen.html (GH-2876).
  from D:\proj\microbians\AeroDB\tests\AeroDB.Tests\bin\Debug\net10.0\AeroDB.Tests.dll (net10.0|x64)
  TUnit.Engine.Exceptions.TestFailedException: [Test Failure] InvalidOperationException: Wolverine is running in TypeLoadMode.Dynamic, which compiles handler/middleware code at runtime, but no IAssemblyGenerator (Roslyn) is registered. Core WolverineFx no longer ships the runtime compiler. Either add the 'WolverineFx.RuntimeCompilation' NuGet package (it auto-registers when referenced, or call opts.UseRuntimeCompilation() in UseWolverine(...)), or pre-generate code with 'dotnet run -- codegen write' and set opts.CodeGeneration.TypeLoadMode = TypeLoadMode.Static. See https://wolverinefx.net/guide/codegen.html (GH-2876).
    at Wolverine.Runtime.WolverineRuntime.logCodeGenerationConfiguration() in /home/runner/work/wolverine/wolverine/src/Wolverine/Runtime/WolverineRuntime.HostService.cs:296
    at Wolverine.Runtime.WolverineRuntime.StartAsync(CancellationToken cancellationToken) in /home/runner/work/wolverine/wolverine/src/Wolverine/Runtime/WolverineRuntime.HostService.cs:62
    at Microsoft.Extensions.Hosting.Internal.Host.<StartAsync>b__14_1(IHostedService service, CancellationToken token)
    at Microsoft.Extensions.Hosting.Internal.Host.ForeachService[T](IEnumerable`1 services, CancellationToken token, Boolean concurrent, Boolean abortOnFirstException, List`1 exceptions, Func`3 operation)
    at Microsoft.Extensions.Hosting.Internal.Host.StartAsync(CancellationToken cancellationToken)
    at AeroDB.Tests.AeroDBWolverineIntegrationTests.BuildWolverineHostAsync(Action`1 extraWolverineConfig, Action`1 configureStore) in D:\proj\microbians\AeroDB\tests\AeroDB.Tests\WolverineFx\AeroDBWolverineIntegrationTests.cs:109
    at AeroDB.Tests.AeroDBWolverineIntegrationTests.MessageStore_StoreIncomingEnvelope() in D:\proj\microbians\AeroDB\tests\AeroDB.Tests\WolverineFx\AeroDBWolverineIntegrationTests.cs:157
       --- TUnit internals omitted (run with --detailed-stacktrace for full trace) ---
  Standard output
    info: Wolverine.Runtime.WolverineRuntime[0]
          Exporting Open Telemetry metrics from Wolverine with name Wolverine:AeroDB.Tests, version 6.16.0.0
    info: Wolverine.Runtime.WolverineRuntime[0]
          Starting Wolverine messaging for application assembly AeroDB.Tests, Version=1.0.0.0, Culture=neutral, PublicKeyToken=null
    fail: Wolverine.Runtime.WolverineRuntime[0]
          Failed to start the Wolverine messaging
          System.InvalidOperationException: Wolverine is running in TypeLoadMode.Dynamic, which compiles handler/middleware code at runtime, but no IAssemblyGenerator (Roslyn) is registered. Core WolverineFx no longer ships the runtime compiler. Either add the 'WolverineFx.RuntimeCompilation' NuGet package (it auto-registers when referenced, or call opts.UseRuntimeCompilation() in UseWolverine(...)), or pre-generate code with 'dotnet run -- codegen write' and set opts.CodeGeneration.TypeLoadMode = TypeLoadMode.Static. See https://wolverinefx.net/guide/codegen.html (GH-2876).
             at Wolverine.Runtime.WolverineRuntime.logCodeGenerationConfiguration() in /home/runner/work/wolverine/wolverine/src/Wolverine/Runtime/WolverineRuntime.HostService.cs:line 296
             at Wolverine.Runtime.WolverineRuntime.StartAsync(CancellationToken cancellationToken) in /home/runner/work/wolverine/wolverine/src/Wolverine/Runtime/WolverineRuntime.HostService.cs:line 62
    fail: Microsoft.Extensions.Hosting.Internal.Host[11]
          Hosting failed to start
          System.InvalidOperationException: Wolverine is running in TypeLoadMode.Dynamic, which compiles handler/middleware code at runtime, but no IAssemblyGenerator (Roslyn) is registered. Core WolverineFx no longer ships the runtime compiler. Either add the 'WolverineFx.RuntimeCompilation' NuGet package (it auto-registers when referenced, or call opts.UseRuntimeCompilation() in UseWolverine(...)), or pre-generate code with 'dotnet run -- codegen write' and set opts.CodeGeneration.TypeLoadMode = TypeLoadMode.Static. See https://wolverinefx.net/guide/codegen.html (GH-2876).
             at Wolverine.Runtime.WolverineRuntime.logCodeGenerationConfiguration() in /home/runner/work/wolverine/wolverine/src/Wolverine/Runtime/WolverineRuntime.HostService.cs:line 296
             at Wolverine.Runtime.WolverineRuntime.StartAsync(CancellationToken cancellationToken) in /home/runner/work/wolverine/wolverine/src/Wolverine/Runtime/WolverineRuntime.HostService.cs:line 62
             at Microsoft.Extensions.Hosting.Internal.Host.<StartAsync>b__14_1(IHostedService service, CancellationToken token)
             at Microsoft.Extensions.Hosting.Internal.Host.ForeachService[T](IEnumerable`1 services, CancellationToken token, Boolean concurrent, Boolean abortOnFirstException, List`1 exceptions, Func`3 operation)
    
    
  Error output
failed MessageStore_StoreOutgoingEnvelope (23ms)
  [Test Failure] InvalidOperationException: Wolverine is running in TypeLoadMode.Dynamic, which compiles handler/middleware code at runtime, but no IAssemblyGenerator (Roslyn) is registered. Core WolverineFx no longer ships the runtime compiler. Either add the 'WolverineFx.RuntimeCompilation' NuGet package (it auto-registers when referenced, or call opts.UseRuntimeCompilation() in UseWolverine(...)), or pre-generate code with 'dotnet run -- codegen write' and set opts.CodeGeneration.TypeLoadMode = TypeLoadMode.Static. See https://wolverinefx.net/guide/codegen.html (GH-2876).
  from D:\proj\microbians\AeroDB\tests\AeroDB.Tests\bin\Debug\net10.0\AeroDB.Tests.dll (net10.0|x64)
  TUnit.Engine.Exceptions.TestFailedException: [Test Failure] InvalidOperationException: Wolverine is running in TypeLoadMode.Dynamic, which compiles handler/middleware code at runtime, but no IAssemblyGenerator (Roslyn) is registered. Core WolverineFx no longer ships the runtime compiler. Either add the 'WolverineFx.RuntimeCompilation' NuGet package (it auto-registers when referenced, or call opts.UseRuntimeCompilation() in UseWolverine(...)), or pre-generate code with 'dotnet run -- codegen write' and set opts.CodeGeneration.TypeLoadMode = TypeLoadMode.Static. See https://wolverinefx.net/guide/codegen.html (GH-2876).
    at Wolverine.Runtime.WolverineRuntime.logCodeGenerationConfiguration() in /home/runner/work/wolverine/wolverine/src/Wolverine/Runtime/WolverineRuntime.HostService.cs:296
    at Wolverine.Runtime.WolverineRuntime.StartAsync(CancellationToken cancellationToken) in /home/runner/work/wolverine/wolverine/src/Wolverine/Runtime/WolverineRuntime.HostService.cs:62
    at Microsoft.Extensions.Hosting.Internal.Host.<StartAsync>b__14_1(IHostedService service, CancellationToken token)
    at Microsoft.Extensions.Hosting.Internal.Host.ForeachService[T](IEnumerable`1 services, CancellationToken token, Boolean concurrent, Boolean abortOnFirstException, List`1 exceptions, Func`3 operation)
    at Microsoft.Extensions.Hosting.Internal.Host.StartAsync(CancellationToken cancellationToken)
    at AeroDB.Tests.AeroDBWolverineIntegrationTests.BuildWolverineHostAsync(Action`1 extraWolverineConfig, Action`1 configureStore) in D:\proj\microbians\AeroDB\tests\AeroDB.Tests\WolverineFx\AeroDBWolverineIntegrationTests.cs:109
    at AeroDB.Tests.AeroDBWolverineIntegrationTests.MessageStore_StoreOutgoingEnvelope() in D:\proj\microbians\AeroDB\tests\AeroDB.Tests\WolverineFx\AeroDBWolverineIntegrationTests.cs:181
       --- TUnit internals omitted (run with --detailed-stacktrace for full trace) ---
  Standard output
    info: Wolverine.Runtime.WolverineRuntime[0]
          Exporting Open Telemetry metrics from Wolverine with name Wolverine:AeroDB.Tests, version 6.16.0.0
    info: Wolverine.Runtime.WolverineRuntime[0]
          Starting Wolverine messaging for application assembly AeroDB.Tests, Version=1.0.0.0, Culture=neutral, PublicKeyToken=null
    fail: Wolverine.Runtime.WolverineRuntime[0]
          Failed to start the Wolverine messaging
          System.InvalidOperationException: Wolverine is running in TypeLoadMode.Dynamic, which compiles handler/middleware code at runtime, but no IAssemblyGenerator (Roslyn) is registered. Core WolverineFx no longer ships the runtime compiler. Either add the 'WolverineFx.RuntimeCompilation' NuGet package (it auto-registers when referenced, or call opts.UseRuntimeCompilation() in UseWolverine(...)), or pre-generate code with 'dotnet run -- codegen write' and set opts.CodeGeneration.TypeLoadMode = TypeLoadMode.Static. See https://wolverinefx.net/guide/codegen.html (GH-2876).
             at Wolverine.Runtime.WolverineRuntime.logCodeGenerationConfiguration() in /home/runner/work/wolverine/wolverine/src/Wolverine/Runtime/WolverineRuntime.HostService.cs:line 296
             at Wolverine.Runtime.WolverineRuntime.StartAsync(CancellationToken cancellationToken) in /home/runner/work/wolverine/wolverine/src/Wolverine/Runtime/WolverineRuntime.HostService.cs:line 62
    fail: Microsoft.Extensions.Hosting.Internal.Host[11]
          Hosting failed to start
          System.InvalidOperationException: Wolverine is running in TypeLoadMode.Dynamic, which compiles handler/middleware code at runtime, but no IAssemblyGenerator (Roslyn) is registered. Core WolverineFx no longer ships the runtime compiler. Either add the 'WolverineFx.RuntimeCompilation' NuGet package (it auto-registers when referenced, or call opts.UseRuntimeCompilation() in UseWolverine(...)), or pre-generate code with 'dotnet run -- codegen write' and set opts.CodeGeneration.TypeLoadMode = TypeLoadMode.Static. See https://wolverinefx.net/guide/codegen.html (GH-2876).
             at Wolverine.Runtime.WolverineRuntime.logCodeGenerationConfiguration() in /home/runner/work/wolverine/wolverine/src/Wolverine/Runtime/WolverineRuntime.HostService.cs:line 296
             at Wolverine.Runtime.WolverineRuntime.StartAsync(CancellationToken cancellationToken) in /home/runner/work/wolverine/wolverine/src/Wolverine/Runtime/WolverineRuntime.HostService.cs:line 62
             at Microsoft.Extensions.Hosting.Internal.Host.<StartAsync>b__14_1(IHostedService service, CancellationToken token)
             at Microsoft.Extensions.Hosting.Internal.Host.ForeachService[T](IEnumerable`1 services, CancellationToken token, Boolean concurrent, Boolean abortOnFirstException, List`1 exceptions, Func`3 operation)
    
    
  Error output
failed MessageStore_MigrateSchema (24ms)
  [Test Failure] InvalidOperationException: Wolverine is running in TypeLoadMode.Dynamic, which compiles handler/middleware code at runtime, but no IAssemblyGenerator (Roslyn) is registered. Core WolverineFx no longer ships the runtime compiler. Either add the 'WolverineFx.RuntimeCompilation' NuGet package (it auto-registers when referenced, or call opts.UseRuntimeCompilation() in UseWolverine(...)), or pre-generate code with 'dotnet run -- codegen write' and set opts.CodeGeneration.TypeLoadMode = TypeLoadMode.Static. See https://wolverinefx.net/guide/codegen.html (GH-2876).
  from D:\proj\microbians\AeroDB\tests\AeroDB.Tests\bin\Debug\net10.0\AeroDB.Tests.dll (net10.0|x64)
  TUnit.Engine.Exceptions.TestFailedException: [Test Failure] InvalidOperationException: Wolverine is running in TypeLoadMode.Dynamic, which compiles handler/middleware code at runtime, but no IAssemblyGenerator (Roslyn) is registered. Core WolverineFx no longer ships the runtime compiler. Either add the 'WolverineFx.RuntimeCompilation' NuGet package (it auto-registers when referenced, or call opts.UseRuntimeCompilation() in UseWolverine(...)), or pre-generate code with 'dotnet run -- codegen write' and set opts.CodeGeneration.TypeLoadMode = TypeLoadMode.Static. See https://wolverinefx.net/guide/codegen.html (GH-2876).
    at Wolverine.Runtime.WolverineRuntime.logCodeGenerationConfiguration() in /home/runner/work/wolverine/wolverine/src/Wolverine/Runtime/WolverineRuntime.HostService.cs:296
    at Wolverine.Runtime.WolverineRuntime.StartAsync(CancellationToken cancellationToken) in /home/runner/work/wolverine/wolverine/src/Wolverine/Runtime/WolverineRuntime.HostService.cs:62
    at Microsoft.Extensions.Hosting.Internal.Host.<StartAsync>b__14_1(IHostedService service, CancellationToken token)
    at Microsoft.Extensions.Hosting.Internal.Host.ForeachService[T](IEnumerable`1 services, CancellationToken token, Boolean concurrent, Boolean abortOnFirstException, List`1 exceptions, Func`3 operation)
    at Microsoft.Extensions.Hosting.Internal.Host.StartAsync(CancellationToken cancellationToken)
    at AeroDB.Tests.AeroDBWolverineIntegrationTests.BuildWolverineHostAsync(Action`1 extraWolverineConfig, Action`1 configureStore) in D:\proj\microbians\AeroDB\tests\AeroDB.Tests\WolverineFx\AeroDBWolverineIntegrationTests.cs:109
    at AeroDB.Tests.AeroDBWolverineIntegrationTests.MessageStore_MigrateSchema() in D:\proj\microbians\AeroDB\tests\AeroDB.Tests\WolverineFx\AeroDBWolverineIntegrationTests.cs:201
       --- TUnit internals omitted (run with --detailed-stacktrace for full trace) ---
  Standard output
    info: Wolverine.Runtime.WolverineRuntime[0]
          Exporting Open Telemetry metrics from Wolverine with name Wolverine:AeroDB.Tests, version 6.16.0.0
    info: Wolverine.Runtime.WolverineRuntime[0]
          Starting Wolverine messaging for application assembly AeroDB.Tests, Version=1.0.0.0, Culture=neutral, PublicKeyToken=null
    fail: Wolverine.Runtime.WolverineRuntime[0]
          Failed to start the Wolverine messaging
          System.InvalidOperationException: Wolverine is running in TypeLoadMode.Dynamic, which compiles handler/middleware code at runtime, but no IAssemblyGenerator (Roslyn) is registered. Core WolverineFx no longer ships the runtime compiler. Either add the 'WolverineFx.RuntimeCompilation' NuGet package (it auto-registers when referenced, or call opts.UseRuntimeCompilation() in UseWolverine(...)), or pre-generate code with 'dotnet run -- codegen write' and set opts.CodeGeneration.TypeLoadMode = TypeLoadMode.Static. See https://wolverinefx.net/guide/codegen.html (GH-2876).
             at Wolverine.Runtime.WolverineRuntime.logCodeGenerationConfiguration() in /home/runner/work/wolverine/wolverine/src/Wolverine/Runtime/WolverineRuntime.HostService.cs:line 296
             at Wolverine.Runtime.WolverineRuntime.StartAsync(CancellationToken cancellationToken) in /home/runner/work/wolverine/wolverine/src/Wolverine/Runtime/WolverineRuntime.HostService.cs:line 62
    fail: Microsoft.Extensions.Hosting.Internal.Host[11]
          Hosting failed to start
          System.InvalidOperationException: Wolverine is running in TypeLoadMode.Dynamic, which compiles handler/middleware code at runtime, but no IAssemblyGenerator (Roslyn) is registered. Core WolverineFx no longer ships the runtime compiler. Either add the 'WolverineFx.RuntimeCompilation' NuGet package (it auto-registers when referenced, or call opts.UseRuntimeCompilation() in UseWolverine(...)), or pre-generate code with 'dotnet run -- codegen write' and set opts.CodeGeneration.TypeLoadMode = TypeLoadMode.Static. See https://wolverinefx.net/guide/codegen.html (GH-2876).
             at Wolverine.Runtime.WolverineRuntime.logCodeGenerationConfiguration() in /home/runner/work/wolverine/wolverine/src/Wolverine/Runtime/WolverineRuntime.HostService.cs:line 296
             at Wolverine.Runtime.WolverineRuntime.StartAsync(CancellationToken cancellationToken) in /home/runner/work/wolverine/wolverine/src/Wolverine/Runtime/WolverineRuntime.HostService.cs:line 62
             at Microsoft.Extensions.Hosting.Internal.Host.<StartAsync>b__14_1(IHostedService service, CancellationToken token)
             at Microsoft.Extensions.Hosting.Internal.Host.ForeachService[T](IEnumerable`1 services, CancellationToken token, Boolean concurrent, Boolean abortOnFirstException, List`1 exceptions, Func`3 operation)
    
    
  Error output
failed DocumentSession_StoreAndLoad (28ms)
  [Test Failure] InvalidOperationException: Wolverine is running in TypeLoadMode.Dynamic, which compiles handler/middleware code at runtime, but no IAssemblyGenerator (Roslyn) is registered. Core WolverineFx no longer ships the runtime compiler. Either add the 'WolverineFx.RuntimeCompilation' NuGet package (it auto-registers when referenced, or call opts.UseRuntimeCompilation() in UseWolverine(...)), or pre-generate code with 'dotnet run -- codegen write' and set opts.CodeGeneration.TypeLoadMode = TypeLoadMode.Static. See https://wolverinefx.net/guide/codegen.html (GH-2876).
  from D:\proj\microbians\AeroDB\tests\AeroDB.Tests\bin\Debug\net10.0\AeroDB.Tests.dll (net10.0|x64)
  TUnit.Engine.Exceptions.TestFailedException: [Test Failure] InvalidOperationException: Wolverine is running in TypeLoadMode.Dynamic, which compiles handler/middleware code at runtime, but no IAssemblyGenerator (Roslyn) is registered. Core WolverineFx no longer ships the runtime compiler. Either add the 'WolverineFx.RuntimeCompilation' NuGet package (it auto-registers when referenced, or call opts.UseRuntimeCompilation() in UseWolverine(...)), or pre-generate code with 'dotnet run -- codegen write' and set opts.CodeGeneration.TypeLoadMode = TypeLoadMode.Static. See https://wolverinefx.net/guide/codegen.html (GH-2876).
    at Wolverine.Runtime.WolverineRuntime.logCodeGenerationConfiguration() in /home/runner/work/wolverine/wolverine/src/Wolverine/Runtime/WolverineRuntime.HostService.cs:296
    at Wolverine.Runtime.WolverineRuntime.StartAsync(CancellationToken cancellationToken) in /home/runner/work/wolverine/wolverine/src/Wolverine/Runtime/WolverineRuntime.HostService.cs:62
    at Microsoft.Extensions.Hosting.Internal.Host.<StartAsync>b__14_1(IHostedService service, CancellationToken token)
    at Microsoft.Extensions.Hosting.Internal.Host.ForeachService[T](IEnumerable`1 services, CancellationToken token, Boolean concurrent, Boolean abortOnFirstException, List`1 exceptions, Func`3 operation)
    at Microsoft.Extensions.Hosting.Internal.Host.StartAsync(CancellationToken cancellationToken)
    at AeroDB.Tests.AeroDBWolverineIntegrationTests.BuildWolverineHostAsync(Action`1 extraWolverineConfig, Action`1 configureStore) in D:\proj\microbians\AeroDB\tests\AeroDB.Tests\WolverineFx\AeroDBWolverineIntegrationTests.cs:109
    at AeroDB.Tests.AeroDBWolverineIntegrationTests.DocumentSession_StoreAndLoad() in D:\proj\microbians\AeroDB\tests\AeroDB.Tests\WolverineFx\AeroDBWolverineIntegrationTests.cs:212
       --- TUnit internals omitted (run with --detailed-stacktrace for full trace) ---
  Standard output
    info: Wolverine.Runtime.WolverineRuntime[0]
          Exporting Open Telemetry metrics from Wolverine with name Wolverine:AeroDB.Tests, version 6.16.0.0
    info: Wolverine.Runtime.WolverineRuntime[0]
          Starting Wolverine messaging for application assembly AeroDB.Tests, Version=1.0.0.0, Culture=neutral, PublicKeyToken=null
    fail: Wolverine.Runtime.WolverineRuntime[0]
          Failed to start the Wolverine messaging
          System.InvalidOperationException: Wolverine is running in TypeLoadMode.Dynamic, which compiles handler/middleware code at runtime, but no IAssemblyGenerator (Roslyn) is registered. Core WolverineFx no longer ships the runtime compiler. Either add the 'WolverineFx.RuntimeCompilation' NuGet package (it auto-registers when referenced, or call opts.UseRuntimeCompilation() in UseWolverine(...)), or pre-generate code with 'dotnet run -- codegen write' and set opts.CodeGeneration.TypeLoadMode = TypeLoadMode.Static. See https://wolverinefx.net/guide/codegen.html (GH-2876).
             at Wolverine.Runtime.WolverineRuntime.logCodeGenerationConfiguration() in /home/runner/work/wolverine/wolverine/src/Wolverine/Runtime/WolverineRuntime.HostService.cs:line 296
             at Wolverine.Runtime.WolverineRuntime.StartAsync(CancellationToken cancellationToken) in /home/runner/work/wolverine/wolverine/src/Wolverine/Runtime/WolverineRuntime.HostService.cs:line 62
    fail: Microsoft.Extensions.Hosting.Internal.Host[11]
          Hosting failed to start
          System.InvalidOperationException: Wolverine is running in TypeLoadMode.Dynamic, which compiles handler/middleware code at runtime, but no IAssemblyGenerator (Roslyn) is registered. Core WolverineFx no longer ships the runtime compiler. Either add the 'WolverineFx.RuntimeCompilation' NuGet package (it auto-registers when referenced, or call opts.UseRuntimeCompilation() in UseWolverine(...)), or pre-generate code with 'dotnet run -- codegen write' and set opts.CodeGeneration.TypeLoadMode = TypeLoadMode.Static. See https://wolverinefx.net/guide/codegen.html (GH-2876).
             at Wolverine.Runtime.WolverineRuntime.logCodeGenerationConfiguration() in /home/runner/work/wolverine/wolverine/src/Wolverine/Runtime/WolverineRuntime.HostService.cs:line 296
             at Wolverine.Runtime.WolverineRuntime.StartAsync(CancellationToken cancellationToken) in /home/runner/work/wolverine/wolverine/src/Wolverine/Runtime/WolverineRuntime.HostService.cs:line 62
             at Microsoft.Extensions.Hosting.Internal.Host.<StartAsync>b__14_1(IHostedService service, CancellationToken token)
             at Microsoft.Extensions.Hosting.Internal.Host.ForeachService[T](IEnumerable`1 services, CancellationToken token, Boolean concurrent, Boolean abortOnFirstException, List`1 exceptions, Func`3 operation)
    
    
  Error output
failed DocumentSession_DeleteDocument (29ms)
  [Test Failure] InvalidOperationException: Wolverine is running in TypeLoadMode.Dynamic, which compiles handler/middleware code at runtime, but no IAssemblyGenerator (Roslyn) is registered. Core WolverineFx no longer ships the runtime compiler. Either add the 'WolverineFx.RuntimeCompilation' NuGet package (it auto-registers when referenced, or call opts.UseRuntimeCompilation() in UseWolverine(...)), or pre-generate code with 'dotnet run -- codegen write' and set opts.CodeGeneration.TypeLoadMode = TypeLoadMode.Static. See https://wolverinefx.net/guide/codegen.html (GH-2876).
  from D:\proj\microbians\AeroDB\tests\AeroDB.Tests\bin\Debug\net10.0\AeroDB.Tests.dll (net10.0|x64)
  TUnit.Engine.Exceptions.TestFailedException: [Test Failure] InvalidOperationException: Wolverine is running in TypeLoadMode.Dynamic, which compiles handler/middleware code at runtime, but no IAssemblyGenerator (Roslyn) is registered. Core WolverineFx no longer ships the runtime compiler. Either add the 'WolverineFx.RuntimeCompilation' NuGet package (it auto-registers when referenced, or call opts.UseRuntimeCompilation() in UseWolverine(...)), or pre-generate code with 'dotnet run -- codegen write' and set opts.CodeGeneration.TypeLoadMode = TypeLoadMode.Static. See https://wolverinefx.net/guide/codegen.html (GH-2876).
    at Wolverine.Runtime.WolverineRuntime.logCodeGenerationConfiguration() in /home/runner/work/wolverine/wolverine/src/Wolverine/Runtime/WolverineRuntime.HostService.cs:296
    at Wolverine.Runtime.WolverineRuntime.StartAsync(CancellationToken cancellationToken) in /home/runner/work/wolverine/wolverine/src/Wolverine/Runtime/WolverineRuntime.HostService.cs:62
    at Microsoft.Extensions.Hosting.Internal.Host.<StartAsync>b__14_1(IHostedService service, CancellationToken token)
    at Microsoft.Extensions.Hosting.Internal.Host.ForeachService[T](IEnumerable`1 services, CancellationToken token, Boolean concurrent, Boolean abortOnFirstException, List`1 exceptions, Func`3 operation)
    at Microsoft.Extensions.Hosting.Internal.Host.StartAsync(CancellationToken cancellationToken)
    at AeroDB.Tests.AeroDBWolverineIntegrationTests.BuildWolverineHostAsync(Action`1 extraWolverineConfig, Action`1 configureStore) in D:\proj\microbians\AeroDB\tests\AeroDB.Tests\WolverineFx\AeroDBWolverineIntegrationTests.cs:109
    at AeroDB.Tests.AeroDBWolverineIntegrationTests.DocumentSession_DeleteDocument() in D:\proj\microbians\AeroDB\tests\AeroDB.Tests\WolverineFx\AeroDBWolverineIntegrationTests.cs:245
       --- TUnit internals omitted (run with --detailed-stacktrace for full trace) ---
  Standard output
    info: Wolverine.Runtime.WolverineRuntime[0]
          Exporting Open Telemetry metrics from Wolverine with name Wolverine:AeroDB.Tests, version 6.16.0.0
    info: Wolverine.Runtime.WolverineRuntime[0]
          Starting Wolverine messaging for application assembly AeroDB.Tests, Version=1.0.0.0, Culture=neutral, PublicKeyToken=null
    fail: Wolverine.Runtime.WolverineRuntime[0]
          Failed to start the Wolverine messaging
          System.InvalidOperationException: Wolverine is running in TypeLoadMode.Dynamic, which compiles handler/middleware code at runtime, but no IAssemblyGenerator (Roslyn) is registered. Core WolverineFx no longer ships the runtime compiler. Either add the 'WolverineFx.RuntimeCompilation' NuGet package (it auto-registers when referenced, or call opts.UseRuntimeCompilation() in UseWolverine(...)), or pre-generate code with 'dotnet run -- codegen write' and set opts.CodeGeneration.TypeLoadMode = TypeLoadMode.Static. See https://wolverinefx.net/guide/codegen.html (GH-2876).
             at Wolverine.Runtime.WolverineRuntime.logCodeGenerationConfiguration() in /home/runner/work/wolverine/wolverine/src/Wolverine/Runtime/WolverineRuntime.HostService.cs:line 296
             at Wolverine.Runtime.WolverineRuntime.StartAsync(CancellationToken cancellationToken) in /home/runner/work/wolverine/wolverine/src/Wolverine/Runtime/WolverineRuntime.HostService.cs:line 62
    fail: Microsoft.Extensions.Hosting.Internal.Host[11]
          Hosting failed to start
          System.InvalidOperationException: Wolverine is running in TypeLoadMode.Dynamic, which compiles handler/middleware code at runtime, but no IAssemblyGenerator (Roslyn) is registered. Core WolverineFx no longer ships the runtime compiler. Either add the 'WolverineFx.RuntimeCompilation' NuGet package (it auto-registers when referenced, or call opts.UseRuntimeCompilation() in UseWolverine(...)), or pre-generate code with 'dotnet run -- codegen write' and set opts.CodeGeneration.TypeLoadMode = TypeLoadMode.Static. See https://wolverinefx.net/guide/codegen.html (GH-2876).
             at Wolverine.Runtime.WolverineRuntime.logCodeGenerationConfiguration() in /home/runner/work/wolverine/wolverine/src/Wolverine/Runtime/WolverineRuntime.HostService.cs:line 296
             at Wolverine.Runtime.WolverineRuntime.StartAsync(CancellationToken cancellationToken) in /home/runner/work/wolverine/wolverine/src/Wolverine/Runtime/WolverineRuntime.HostService.cs:line 62
             at Microsoft.Extensions.Hosting.Internal.Host.<StartAsync>b__14_1(IHostedService service, CancellationToken token)
             at Microsoft.Extensions.Hosting.Internal.Host.ForeachService[T](IEnumerable`1 services, CancellationToken token, Boolean concurrent, Boolean abortOnFirstException, List`1 exceptions, Func`3 operation)
    
    
  Error output
failed Handler_WithExplicitSession (26ms)
  [Test Failure] InvalidOperationException: Wolverine is running in TypeLoadMode.Dynamic, which compiles handler/middleware code at runtime, but no IAssemblyGenerator (Roslyn) is registered. Core WolverineFx no longer ships the runtime compiler. Either add the 'WolverineFx.RuntimeCompilation' NuGet package (it auto-registers when referenced, or call opts.UseRuntimeCompilation() in UseWolverine(...)), or pre-generate code with 'dotnet run -- codegen write' and set opts.CodeGeneration.TypeLoadMode = TypeLoadMode.Static. See https://wolverinefx.net/guide/codegen.html (GH-2876).
  from D:\proj\microbians\AeroDB\tests\AeroDB.Tests\bin\Debug\net10.0\AeroDB.Tests.dll (net10.0|x64)
  TUnit.Engine.Exceptions.TestFailedException: [Test Failure] InvalidOperationException: Wolverine is running in TypeLoadMode.Dynamic, which compiles handler/middleware code at runtime, but no IAssemblyGenerator (Roslyn) is registered. Core WolverineFx no longer ships the runtime compiler. Either add the 'WolverineFx.RuntimeCompilation' NuGet package (it auto-registers when referenced, or call opts.UseRuntimeCompilation() in UseWolverine(...)), or pre-generate code with 'dotnet run -- codegen write' and set opts.CodeGeneration.TypeLoadMode = TypeLoadMode.Static. See https://wolverinefx.net/guide/codegen.html (GH-2876).
    at Wolverine.Runtime.WolverineRuntime.logCodeGenerationConfiguration() in /home/runner/work/wolverine/wolverine/src/Wolverine/Runtime/WolverineRuntime.HostService.cs:296
    at Wolverine.Runtime.WolverineRuntime.StartAsync(CancellationToken cancellationToken) in /home/runner/work/wolverine/wolverine/src/Wolverine/Runtime/WolverineRuntime.HostService.cs:62
    at Microsoft.Extensions.Hosting.Internal.Host.<StartAsync>b__14_1(IHostedService service, CancellationToken token)
    at Microsoft.Extensions.Hosting.Internal.Host.ForeachService[T](IEnumerable`1 services, CancellationToken token, Boolean concurrent, Boolean abortOnFirstException, List`1 exceptions, Func`3 operation)
    at Microsoft.Extensions.Hosting.Internal.Host.StartAsync(CancellationToken cancellationToken)
    at AeroDB.Tests.AeroDBWolverineIntegrationTests.BuildWolverineHostAsync(Action`1 extraWolverineConfig, Action`1 configureStore) in D:\proj\microbians\AeroDB\tests\AeroDB.Tests\WolverineFx\AeroDBWolverineIntegrationTests.cs:109
    at AeroDB.Tests.AeroDBWolverineIntegrationTests.Handler_WithExplicitSession() in D:\proj\microbians\AeroDB\tests\AeroDB.Tests\WolverineFx\AeroDBWolverineIntegrationTests.cs:352
       --- TUnit internals omitted (run with --detailed-stacktrace for full trace) ---
  Standard output
    info: Wolverine.Runtime.WolverineRuntime[0]
          Exporting Open Telemetry metrics from Wolverine with name Wolverine:AeroDB.Tests, version 6.16.0.0
    info: Wolverine.Runtime.WolverineRuntime[0]
          Starting Wolverine messaging for application assembly AeroDB.Tests, Version=1.0.0.0, Culture=neutral, PublicKeyToken=null
    fail: Wolverine.Runtime.WolverineRuntime[0]
          Failed to start the Wolverine messaging
          System.InvalidOperationException: Wolverine is running in TypeLoadMode.Dynamic, which compiles handler/middleware code at runtime, but no IAssemblyGenerator (Roslyn) is registered. Core WolverineFx no longer ships the runtime compiler. Either add the 'WolverineFx.RuntimeCompilation' NuGet package (it auto-registers when referenced, or call opts.UseRuntimeCompilation() in UseWolverine(...)), or pre-generate code with 'dotnet run -- codegen write' and set opts.CodeGeneration.TypeLoadMode = TypeLoadMode.Static. See https://wolverinefx.net/guide/codegen.html (GH-2876).
             at Wolverine.Runtime.WolverineRuntime.logCodeGenerationConfiguration() in /home/runner/work/wolverine/wolverine/src/Wolverine/Runtime/WolverineRuntime.HostService.cs:line 296
             at Wolverine.Runtime.WolverineRuntime.StartAsync(CancellationToken cancellationToken) in /home/runner/work/wolverine/wolverine/src/Wolverine/Runtime/WolverineRuntime.HostService.cs:line 62
    fail: Microsoft.Extensions.Hosting.Internal.Host[11]
          Hosting failed to start
          System.InvalidOperationException: Wolverine is running in TypeLoadMode.Dynamic, which compiles handler/middleware code at runtime, but no IAssemblyGenerator (Roslyn) is registered. Core WolverineFx no longer ships the runtime compiler. Either add the 'WolverineFx.RuntimeCompilation' NuGet package (it auto-registers when referenced, or call opts.UseRuntimeCompilation() in UseWolverine(...)), or pre-generate code with 'dotnet run -- codegen write' and set opts.CodeGeneration.TypeLoadMode = TypeLoadMode.Static. See https://wolverinefx.net/guide/codegen.html (GH-2876).
             at Wolverine.Runtime.WolverineRuntime.logCodeGenerationConfiguration() in /home/runner/work/wolverine/wolverine/src/Wolverine/Runtime/WolverineRuntime.HostService.cs:line 296
             at Wolverine.Runtime.WolverineRuntime.StartAsync(CancellationToken cancellationToken) in /home/runner/work/wolverine/wolverine/src/Wolverine/Runtime/WolverineRuntime.HostService.cs:line 62
             at Microsoft.Extensions.Hosting.Internal.Host.<StartAsync>b__14_1(IHostedService service, CancellationToken token)
             at Microsoft.Extensions.Hosting.Internal.Host.ForeachService[T](IEnumerable`1 services, CancellationToken token, Boolean concurrent, Boolean abortOnFirstException, List`1 exceptions, Func`3 operation)
    
    
  Error output
failed AeroDBOpPolicy_IsRegistered (35ms)
  [Test Failure] InvalidOperationException: Wolverine is running in TypeLoadMode.Dynamic, which compiles handler/middleware code at runtime, but no IAssemblyGenerator (Roslyn) is registered. Core WolverineFx no longer ships the runtime compiler. Either add the 'WolverineFx.RuntimeCompilation' NuGet package (it auto-registers when referenced, or call opts.UseRuntimeCompilation() in UseWolverine(...)), or pre-generate code with 'dotnet run -- codegen write' and set opts.CodeGeneration.TypeLoadMode = TypeLoadMode.Static. See https://wolverinefx.net/guide/codegen.html (GH-2876).
  from D:\proj\microbians\AeroDB\tests\AeroDB.Tests\bin\Debug\net10.0\AeroDB.Tests.dll (net10.0|x64)
  TUnit.Engine.Exceptions.TestFailedException: [Test Failure] InvalidOperationException: Wolverine is running in TypeLoadMode.Dynamic, which compiles handler/middleware code at runtime, but no IAssemblyGenerator (Roslyn) is registered. Core WolverineFx no longer ships the runtime compiler. Either add the 'WolverineFx.RuntimeCompilation' NuGet package (it auto-registers when referenced, or call opts.UseRuntimeCompilation() in UseWolverine(...)), or pre-generate code with 'dotnet run -- codegen write' and set opts.CodeGeneration.TypeLoadMode = TypeLoadMode.Static. See https://wolverinefx.net/guide/codegen.html (GH-2876).
    at Wolverine.Runtime.WolverineRuntime.logCodeGenerationConfiguration() in /home/runner/work/wolverine/wolverine/src/Wolverine/Runtime/WolverineRuntime.HostService.cs:296
    at Wolverine.Runtime.WolverineRuntime.StartAsync(CancellationToken cancellationToken) in /home/runner/work/wolverine/wolverine/src/Wolverine/Runtime/WolverineRuntime.HostService.cs:62
    at Microsoft.Extensions.Hosting.Internal.Host.<StartAsync>b__14_1(IHostedService service, CancellationToken token)
    at Microsoft.Extensions.Hosting.Internal.Host.ForeachService[T](IEnumerable`1 services, CancellationToken token, Boolean concurrent, Boolean abortOnFirstException, List`1 exceptions, Func`3 operation)
    at Microsoft.Extensions.Hosting.Internal.Host.StartAsync(CancellationToken cancellationToken)
    at AeroDB.Tests.AeroDBWolverineIntegrationTests.BuildWolverineHostAsync(Action`1 extraWolverineConfig, Action`1 configureStore) in D:\proj\microbians\AeroDB\tests\AeroDB.Tests\WolverineFx\AeroDBWolverineIntegrationTests.cs:109
    at AeroDB.Tests.AeroDBWolverineIntegrationTests.AeroDBOpPolicy_IsRegistered() in D:\proj\microbians\AeroDB\tests\AeroDB.Tests\WolverineFx\AeroDBWolverineIntegrationTests.cs:731
       --- TUnit internals omitted (run with --detailed-stacktrace for full trace) ---
  Standard output
    info: Wolverine.Runtime.WolverineRuntime[0]
          Exporting Open Telemetry metrics from Wolverine with name Wolverine:AeroDB.Tests, version 6.16.0.0
    info: Wolverine.Runtime.WolverineRuntime[0]
          Starting Wolverine messaging for application assembly AeroDB.Tests, Version=1.0.0.0, Culture=neutral, PublicKeyToken=null
    fail: Wolverine.Runtime.WolverineRuntime[0]
          Failed to start the Wolverine messaging
          System.InvalidOperationException: Wolverine is running in TypeLoadMode.Dynamic, which compiles handler/middleware code at runtime, but no IAssemblyGenerator (Roslyn) is registered. Core WolverineFx no longer ships the runtime compiler. Either add the 'WolverineFx.RuntimeCompilation' NuGet package (it auto-registers when referenced, or call opts.UseRuntimeCompilation() in UseWolverine(...)), or pre-generate code with 'dotnet run -- codegen write' and set opts.CodeGeneration.TypeLoadMode = TypeLoadMode.Static. See https://wolverinefx.net/guide/codegen.html (GH-2876).
             at Wolverine.Runtime.WolverineRuntime.logCodeGenerationConfiguration() in /home/runner/work/wolverine/wolverine/src/Wolverine/Runtime/WolverineRuntime.HostService.cs:line 296
             at Wolverine.Runtime.WolverineRuntime.StartAsync(CancellationToken cancellationToken) in /home/runner/work/wolverine/wolverine/src/Wolverine/Runtime/WolverineRuntime.HostService.cs:line 62
    fail: Microsoft.Extensions.Hosting.Internal.Host[11]
          Hosting failed to start
          System.InvalidOperationException: Wolverine is running in TypeLoadMode.Dynamic, which compiles handler/middleware code at runtime, but no IAssemblyGenerator (Roslyn) is registered. Core WolverineFx no longer ships the runtime compiler. Either add the 'WolverineFx.RuntimeCompilation' NuGet package (it auto-registers when referenced, or call opts.UseRuntimeCompilation() in UseWolverine(...)), or pre-generate code with 'dotnet run -- codegen write' and set opts.CodeGeneration.TypeLoadMode = TypeLoadMode.Static. See https://wolverinefx.net/guide/codegen.html (GH-2876).
             at Wolverine.Runtime.WolverineRuntime.logCodeGenerationConfiguration() in /home/runner/work/wolverine/wolverine/src/Wolverine/Runtime/WolverineRuntime.HostService.cs:line 296
             at Wolverine.Runtime.WolverineRuntime.StartAsync(CancellationToken cancellationToken) in /home/runner/work/wolverine/wolverine/src/Wolverine/Runtime/WolverineRuntime.HostService.cs:line 62
             at Microsoft.Extensions.Hosting.Internal.Host.<StartAsync>b__14_1(IHostedService service, CancellationToken token)
             at Microsoft.Extensions.Hosting.Internal.Host.ForeachService[T](IEnumerable`1 services, CancellationToken token, Boolean concurrent, Boolean abortOnFirstException, List`1 exceptions, Func`3 operation)
    
    
  Error output
failed MultiTenancy_TenantIdFlowsToEnvelope (25ms)
  [Test Failure] InvalidOperationException: Wolverine is running in TypeLoadMode.Dynamic, which compiles handler/middleware code at runtime, but no IAssemblyGenerator (Roslyn) is registered. Core WolverineFx no longer ships the runtime compiler. Either add the 'WolverineFx.RuntimeCompilation' NuGet package (it auto-registers when referenced, or call opts.UseRuntimeCompilation() in UseWolverine(...)), or pre-generate code with 'dotnet run -- codegen write' and set opts.CodeGeneration.TypeLoadMode = TypeLoadMode.Static. See https://wolverinefx.net/guide/codegen.html (GH-2876).
  from D:\proj\microbians\AeroDB\tests\AeroDB.Tests\bin\Debug\net10.0\AeroDB.Tests.dll (net10.0|x64)
  TUnit.Engine.Exceptions.TestFailedException: [Test Failure] InvalidOperationException: Wolverine is running in TypeLoadMode.Dynamic, which compiles handler/middleware code at runtime, but no IAssemblyGenerator (Roslyn) is registered. Core WolverineFx no longer ships the runtime compiler. Either add the 'WolverineFx.RuntimeCompilation' NuGet package (it auto-registers when referenced, or call opts.UseRuntimeCompilation() in UseWolverine(...)), or pre-generate code with 'dotnet run -- codegen write' and set opts.CodeGeneration.TypeLoadMode = TypeLoadMode.Static. See https://wolverinefx.net/guide/codegen.html (GH-2876).
    at Wolverine.Runtime.WolverineRuntime.logCodeGenerationConfiguration() in /home/runner/work/wolverine/wolverine/src/Wolverine/Runtime/WolverineRuntime.HostService.cs:296
    at Wolverine.Runtime.WolverineRuntime.StartAsync(CancellationToken cancellationToken) in /home/runner/work/wolverine/wolverine/src/Wolverine/Runtime/WolverineRuntime.HostService.cs:62
    at Microsoft.Extensions.Hosting.Internal.Host.<StartAsync>b__14_1(IHostedService service, CancellationToken token)
    at Microsoft.Extensions.Hosting.Internal.Host.ForeachService[T](IEnumerable`1 services, CancellationToken token, Boolean concurrent, Boolean abortOnFirstException, List`1 exceptions, Func`3 operation)
    at Microsoft.Extensions.Hosting.Internal.Host.StartAsync(CancellationToken cancellationToken)
    at AeroDB.Tests.AeroDBWolverineIntegrationTests.BuildWolverineHostAsync(Action`1 extraWolverineConfig, Action`1 configureStore) in D:\proj\microbians\AeroDB\tests\AeroDB.Tests\WolverineFx\AeroDBWolverineIntegrationTests.cs:109
    at AeroDB.Tests.AeroDBWolverineIntegrationTests.MultiTenancy_TenantIdFlowsToEnvelope() in D:\proj\microbians\AeroDB\tests\AeroDB.Tests\WolverineFx\AeroDBWolverineIntegrationTests.cs:446
       --- TUnit internals omitted (run with --detailed-stacktrace for full trace) ---
  Standard output
    info: Wolverine.Runtime.WolverineRuntime[0]
          Exporting Open Telemetry metrics from Wolverine with name Wolverine:AeroDB.Tests, version 6.16.0.0
    info: Wolverine.Runtime.WolverineRuntime[0]
          Starting Wolverine messaging for application assembly AeroDB.Tests, Version=1.0.0.0, Culture=neutral, PublicKeyToken=null
    fail: Wolverine.Runtime.WolverineRuntime[0]
          Failed to start the Wolverine messaging
          System.InvalidOperationException: Wolverine is running in TypeLoadMode.Dynamic, which compiles handler/middleware code at runtime, but no IAssemblyGenerator (Roslyn) is registered. Core WolverineFx no longer ships the runtime compiler. Either add the 'WolverineFx.RuntimeCompilation' NuGet package (it auto-registers when referenced, or call opts.UseRuntimeCompilation() in UseWolverine(...)), or pre-generate code with 'dotnet run -- codegen write' and set opts.CodeGeneration.TypeLoadMode = TypeLoadMode.Static. See https://wolverinefx.net/guide/codegen.html (GH-2876).
             at Wolverine.Runtime.WolverineRuntime.logCodeGenerationConfiguration() in /home/runner/work/wolverine/wolverine/src/Wolverine/Runtime/WolverineRuntime.HostService.cs:line 296
             at Wolverine.Runtime.WolverineRuntime.StartAsync(CancellationToken cancellationToken) in /home/runner/work/wolverine/wolverine/src/Wolverine/Runtime/WolverineRuntime.HostService.cs:line 62
    fail: Microsoft.Extensions.Hosting.Internal.Host[11]
          Hosting failed to start
          System.InvalidOperationException: Wolverine is running in TypeLoadMode.Dynamic, which compiles handler/middleware code at runtime, but no IAssemblyGenerator (Roslyn) is registered. Core WolverineFx no longer ships the runtime compiler. Either add the 'WolverineFx.RuntimeCompilation' NuGet package (it auto-registers when referenced, or call opts.UseRuntimeCompilation() in UseWolverine(...)), or pre-generate code with 'dotnet run -- codegen write' and set opts.CodeGeneration.TypeLoadMode = TypeLoadMode.Static. See https://wolverinefx.net/guide/codegen.html (GH-2876).
             at Wolverine.Runtime.WolverineRuntime.logCodeGenerationConfiguration() in /home/runner/work/wolverine/wolverine/src/Wolverine/Runtime/WolverineRuntime.HostService.cs:line 296
             at Wolverine.Runtime.WolverineRuntime.StartAsync(CancellationToken cancellationToken) in /home/runner/work/wolverine/wolverine/src/Wolverine/Runtime/WolverineRuntime.HostService.cs:line 62
             at Microsoft.Extensions.Hosting.Internal.Host.<StartAsync>b__14_1(IHostedService service, CancellationToken token)
             at Microsoft.Extensions.Hosting.Internal.Host.ForeachService[T](IEnumerable`1 services, CancellationToken token, Boolean concurrent, Boolean abortOnFirstException, List`1 exceptions, Func`3 operation)
    
    
  Error output
failed DeadLetter_StoreAndReplay_DoesNotThrow (27ms)
  [Test Failure] InvalidOperationException: Wolverine is running in TypeLoadMode.Dynamic, which compiles handler/middleware code at runtime, but no IAssemblyGenerator (Roslyn) is registered. Core WolverineFx no longer ships the runtime compiler. Either add the 'WolverineFx.RuntimeCompilation' NuGet package (it auto-registers when referenced, or call opts.UseRuntimeCompilation() in UseWolverine(...)), or pre-generate code with 'dotnet run -- codegen write' and set opts.CodeGeneration.TypeLoadMode = TypeLoadMode.Static. See https://wolverinefx.net/guide/codegen.html (GH-2876).
  from D:\proj\microbians\AeroDB\tests\AeroDB.Tests\bin\Debug\net10.0\AeroDB.Tests.dll (net10.0|x64)
  TUnit.Engine.Exceptions.TestFailedException: [Test Failure] InvalidOperationException: Wolverine is running in TypeLoadMode.Dynamic, which compiles handler/middleware code at runtime, but no IAssemblyGenerator (Roslyn) is registered. Core WolverineFx no longer ships the runtime compiler. Either add the 'WolverineFx.RuntimeCompilation' NuGet package (it auto-registers when referenced, or call opts.UseRuntimeCompilation() in UseWolverine(...)), or pre-generate code with 'dotnet run -- codegen write' and set opts.CodeGeneration.TypeLoadMode = TypeLoadMode.Static. See https://wolverinefx.net/guide/codegen.html (GH-2876).
    at Wolverine.Runtime.WolverineRuntime.logCodeGenerationConfiguration() in /home/runner/work/wolverine/wolverine/src/Wolverine/Runtime/WolverineRuntime.HostService.cs:296
    at Wolverine.Runtime.WolverineRuntime.StartAsync(CancellationToken cancellationToken) in /home/runner/work/wolverine/wolverine/src/Wolverine/Runtime/WolverineRuntime.HostService.cs:62
    at Microsoft.Extensions.Hosting.Internal.Host.<StartAsync>b__14_1(IHostedService service, CancellationToken token)
    at Microsoft.Extensions.Hosting.Internal.Host.ForeachService[T](IEnumerable`1 services, CancellationToken token, Boolean concurrent, Boolean abortOnFirstException, List`1 exceptions, Func`3 operation)
    at Microsoft.Extensions.Hosting.Internal.Host.StartAsync(CancellationToken cancellationToken)
    at AeroDB.Tests.AeroDBWolverineIntegrationTests.BuildWolverineHostAsync(Action`1 extraWolverineConfig, Action`1 configureStore) in D:\proj\microbians\AeroDB\tests\AeroDB.Tests\WolverineFx\AeroDBWolverineIntegrationTests.cs:109
    at AeroDB.Tests.AeroDBWolverineIntegrationTests.DeadLetter_StoreAndReplay_DoesNotThrow() in D:\proj\microbians\AeroDB\tests\AeroDB.Tests\WolverineFx\AeroDBWolverineIntegrationTests.cs:410
       --- TUnit internals omitted (run with --detailed-stacktrace for full trace) ---
  Standard output
    info: Wolverine.Runtime.WolverineRuntime[0]
          Exporting Open Telemetry metrics from Wolverine with name Wolverine:AeroDB.Tests, version 6.16.0.0
    info: Wolverine.Runtime.WolverineRuntime[0]
          Starting Wolverine messaging for application assembly AeroDB.Tests, Version=1.0.0.0, Culture=neutral, PublicKeyToken=null
    fail: Wolverine.Runtime.WolverineRuntime[0]
          Failed to start the Wolverine messaging
          System.InvalidOperationException: Wolverine is running in TypeLoadMode.Dynamic, which compiles handler/middleware code at runtime, but no IAssemblyGenerator (Roslyn) is registered. Core WolverineFx no longer ships the runtime compiler. Either add the 'WolverineFx.RuntimeCompilation' NuGet package (it auto-registers when referenced, or call opts.UseRuntimeCompilation() in UseWolverine(...)), or pre-generate code with 'dotnet run -- codegen write' and set opts.CodeGeneration.TypeLoadMode = TypeLoadMode.Static. See https://wolverinefx.net/guide/codegen.html (GH-2876).
             at Wolverine.Runtime.WolverineRuntime.logCodeGenerationConfiguration() in /home/runner/work/wolverine/wolverine/src/Wolverine/Runtime/WolverineRuntime.HostService.cs:line 296
             at Wolverine.Runtime.WolverineRuntime.StartAsync(CancellationToken cancellationToken) in /home/runner/work/wolverine/wolverine/src/Wolverine/Runtime/WolverineRuntime.HostService.cs:line 62
    fail: Microsoft.Extensions.Hosting.Internal.Host[11]
          Hosting failed to start
          System.InvalidOperationException: Wolverine is running in TypeLoadMode.Dynamic, which compiles handler/middleware code at runtime, but no IAssemblyGenerator (Roslyn) is registered. Core WolverineFx no longer ships the runtime compiler. Either add the 'WolverineFx.RuntimeCompilation' NuGet package (it auto-registers when referenced, or call opts.UseRuntimeCompilation() in UseWolverine(...)), or pre-generate code with 'dotnet run -- codegen write' and set opts.CodeGeneration.TypeLoadMode = TypeLoadMode.Static. See https://wolverinefx.net/guide/codegen.html (GH-2876).
             at Wolverine.Runtime.WolverineRuntime.logCodeGenerationConfiguration() in /home/runner/work/wolverine/wolverine/src/Wolverine/Runtime/WolverineRuntime.HostService.cs:line 296
             at Wolverine.Runtime.WolverineRuntime.StartAsync(CancellationToken cancellationToken) in /home/runner/work/wolverine/wolverine/src/Wolverine/Runtime/WolverineRuntime.HostService.cs:line 62
             at Microsoft.Extensions.Hosting.Internal.Host.<StartAsync>b__14_1(IHostedService service, CancellationToken token)
             at Microsoft.Extensions.Hosting.Internal.Host.ForeachService[T](IEnumerable`1 services, CancellationToken token, Boolean concurrent, Boolean abortOnFirstException, List`1 exceptions, Func`3 operation)
    
    
  Error output
failed AncillaryStore_HandlerUsesDocumentStore (27ms)
  [Test Failure] InvalidOperationException: Wolverine is running in TypeLoadMode.Dynamic, which compiles handler/middleware code at runtime, but no IAssemblyGenerator (Roslyn) is registered. Core WolverineFx no longer ships the runtime compiler. Either add the 'WolverineFx.RuntimeCompilation' NuGet package (it auto-registers when referenced, or call opts.UseRuntimeCompilation() in UseWolverine(...)), or pre-generate code with 'dotnet run -- codegen write' and set opts.CodeGeneration.TypeLoadMode = TypeLoadMode.Static. See https://wolverinefx.net/guide/codegen.html (GH-2876).
  from D:\proj\microbians\AeroDB\tests\AeroDB.Tests\bin\Debug\net10.0\AeroDB.Tests.dll (net10.0|x64)
  TUnit.Engine.Exceptions.TestFailedException: [Test Failure] InvalidOperationException: Wolverine is running in TypeLoadMode.Dynamic, which compiles handler/middleware code at runtime, but no IAssemblyGenerator (Roslyn) is registered. Core WolverineFx no longer ships the runtime compiler. Either add the 'WolverineFx.RuntimeCompilation' NuGet package (it auto-registers when referenced, or call opts.UseRuntimeCompilation() in UseWolverine(...)), or pre-generate code with 'dotnet run -- codegen write' and set opts.CodeGeneration.TypeLoadMode = TypeLoadMode.Static. See https://wolverinefx.net/guide/codegen.html (GH-2876).
    at Wolverine.Runtime.WolverineRuntime.logCodeGenerationConfiguration() in /home/runner/work/wolverine/wolverine/src/Wolverine/Runtime/WolverineRuntime.HostService.cs:296
    at Wolverine.Runtime.WolverineRuntime.StartAsync(CancellationToken cancellationToken) in /home/runner/work/wolverine/wolverine/src/Wolverine/Runtime/WolverineRuntime.HostService.cs:62
    at Microsoft.Extensions.Hosting.Internal.Host.<StartAsync>b__14_1(IHostedService service, CancellationToken token)
    at Microsoft.Extensions.Hosting.Internal.Host.ForeachService[T](IEnumerable`1 services, CancellationToken token, Boolean concurrent, Boolean abortOnFirstException, List`1 exceptions, Func`3 operation)
    at Microsoft.Extensions.Hosting.Internal.Host.StartAsync(CancellationToken cancellationToken)
    at AeroDB.Tests.AeroDBWolverineIntegrationTests.BuildWolverineHostAsync(Action`1 extraWolverineConfig, Action`1 configureStore) in D:\proj\microbians\AeroDB\tests\AeroDB.Tests\WolverineFx\AeroDBWolverineIntegrationTests.cs:109
    at AeroDB.Tests.AeroDBWolverineIntegrationTests.AncillaryStore_HandlerUsesDocumentStore() in D:\proj\microbians\AeroDB\tests\AeroDB.Tests\WolverineFx\AeroDBWolverineIntegrationTests.cs:500
       --- TUnit internals omitted (run with --detailed-stacktrace for full trace) ---
  Standard output
    info: Wolverine.Runtime.WolverineRuntime[0]
          Exporting Open Telemetry metrics from Wolverine with name Wolverine:AeroDB.Tests, version 6.16.0.0
    info: Wolverine.Runtime.WolverineRuntime[0]
          Starting Wolverine messaging for application assembly AeroDB.Tests, Version=1.0.0.0, Culture=neutral, PublicKeyToken=null
    fail: Wolverine.Runtime.WolverineRuntime[0]
          Failed to start the Wolverine messaging
          System.InvalidOperationException: Wolverine is running in TypeLoadMode.Dynamic, which compiles handler/middleware code at runtime, but no IAssemblyGenerator (Roslyn) is registered. Core WolverineFx no longer ships the runtime compiler. Either add the 'WolverineFx.RuntimeCompilation' NuGet package (it auto-registers when referenced, or call opts.UseRuntimeCompilation() in UseWolverine(...)), or pre-generate code with 'dotnet run -- codegen write' and set opts.CodeGeneration.TypeLoadMode = TypeLoadMode.Static. See https://wolverinefx.net/guide/codegen.html (GH-2876).
             at Wolverine.Runtime.WolverineRuntime.logCodeGenerationConfiguration() in /home/runner/work/wolverine/wolverine/src/Wolverine/Runtime/WolverineRuntime.HostService.cs:line 296
             at Wolverine.Runtime.WolverineRuntime.StartAsync(CancellationToken cancellationToken) in /home/runner/work/wolverine/wolverine/src/Wolverine/Runtime/WolverineRuntime.HostService.cs:line 62
    fail: Microsoft.Extensions.Hosting.Internal.Host[11]
          Hosting failed to start
          System.InvalidOperationException: Wolverine is running in TypeLoadMode.Dynamic, which compiles handler/middleware code at runtime, but no IAssemblyGenerator (Roslyn) is registered. Core WolverineFx no longer ships the runtime compiler. Either add the 'WolverineFx.RuntimeCompilation' NuGet package (it auto-registers when referenced, or call opts.UseRuntimeCompilation() in UseWolverine(...)), or pre-generate code with 'dotnet run -- codegen write' and set opts.CodeGeneration.TypeLoadMode = TypeLoadMode.Static. See https://wolverinefx.net/guide/codegen.html (GH-2876).
             at Wolverine.Runtime.WolverineRuntime.logCodeGenerationConfiguration() in /home/runner/work/wolverine/wolverine/src/Wolverine/Runtime/WolverineRuntime.HostService.cs:line 296
             at Wolverine.Runtime.WolverineRuntime.StartAsync(CancellationToken cancellationToken) in /home/runner/work/wolverine/wolverine/src/Wolverine/Runtime/WolverineRuntime.HostService.cs:line 62
             at Microsoft.Extensions.Hosting.Internal.Host.<StartAsync>b__14_1(IHostedService service, CancellationToken token)
             at Microsoft.Extensions.Hosting.Internal.Host.ForeachService[T](IEnumerable`1 services, CancellationToken token, Boolean concurrent, Boolean abortOnFirstException, List`1 exceptions, Func`3 operation)
    
    
  Error output
failed EventForwarding_ListenerDetectsAppendedEvents (26ms)
  [Test Failure] InvalidOperationException: Wolverine is running in TypeLoadMode.Dynamic, which compiles handler/middleware code at runtime, but no IAssemblyGenerator (Roslyn) is registered. Core WolverineFx no longer ships the runtime compiler. Either add the 'WolverineFx.RuntimeCompilation' NuGet package (it auto-registers when referenced, or call opts.UseRuntimeCompilation() in UseWolverine(...)), or pre-generate code with 'dotnet run -- codegen write' and set opts.CodeGeneration.TypeLoadMode = TypeLoadMode.Static. See https://wolverinefx.net/guide/codegen.html (GH-2876).
  from D:\proj\microbians\AeroDB\tests\AeroDB.Tests\bin\Debug\net10.0\AeroDB.Tests.dll (net10.0|x64)
  TUnit.Engine.Exceptions.TestFailedException: [Test Failure] InvalidOperationException: Wolverine is running in TypeLoadMode.Dynamic, which compiles handler/middleware code at runtime, but no IAssemblyGenerator (Roslyn) is registered. Core WolverineFx no longer ships the runtime compiler. Either add the 'WolverineFx.RuntimeCompilation' NuGet package (it auto-registers when referenced, or call opts.UseRuntimeCompilation() in UseWolverine(...)), or pre-generate code with 'dotnet run -- codegen write' and set opts.CodeGeneration.TypeLoadMode = TypeLoadMode.Static. See https://wolverinefx.net/guide/codegen.html (GH-2876).
    at Wolverine.Runtime.WolverineRuntime.logCodeGenerationConfiguration() in /home/runner/work/wolverine/wolverine/src/Wolverine/Runtime/WolverineRuntime.HostService.cs:296
    at Wolverine.Runtime.WolverineRuntime.StartAsync(CancellationToken cancellationToken) in /home/runner/work/wolverine/wolverine/src/Wolverine/Runtime/WolverineRuntime.HostService.cs:62
    at Microsoft.Extensions.Hosting.Internal.Host.<StartAsync>b__14_1(IHostedService service, CancellationToken token)
    at Microsoft.Extensions.Hosting.Internal.Host.ForeachService[T](IEnumerable`1 services, CancellationToken token, Boolean concurrent, Boolean abortOnFirstException, List`1 exceptions, Func`3 operation)
    at Microsoft.Extensions.Hosting.Internal.Host.StartAsync(CancellationToken cancellationToken)
    at AeroDB.Tests.AeroDBWolverineIntegrationTests.BuildWolverineHostAsync(Action`1 extraWolverineConfig, Action`1 configureStore) in D:\proj\microbians\AeroDB\tests\AeroDB.Tests\WolverineFx\AeroDBWolverineIntegrationTests.cs:109
    at AeroDB.Tests.AeroDBWolverineIntegrationTests.EventForwarding_ListenerDetectsAppendedEvents() in D:\proj\microbians\AeroDB\tests\AeroDB.Tests\WolverineFx\AeroDBWolverineIntegrationTests.cs:556
       --- TUnit internals omitted (run with --detailed-stacktrace for full trace) ---
  Standard output
    info: Wolverine.Runtime.WolverineRuntime[0]
          Exporting Open Telemetry metrics from Wolverine with name Wolverine:AeroDB.Tests, version 6.16.0.0
    info: Wolverine.Runtime.WolverineRuntime[0]
          Starting Wolverine messaging for application assembly AeroDB.Tests, Version=1.0.0.0, Culture=neutral, PublicKeyToken=null
    fail: Wolverine.Runtime.WolverineRuntime[0]
          Failed to start the Wolverine messaging
          System.InvalidOperationException: Wolverine is running in TypeLoadMode.Dynamic, which compiles handler/middleware code at runtime, but no IAssemblyGenerator (Roslyn) is registered. Core WolverineFx no longer ships the runtime compiler. Either add the 'WolverineFx.RuntimeCompilation' NuGet package (it auto-registers when referenced, or call opts.UseRuntimeCompilation() in UseWolverine(...)), or pre-generate code with 'dotnet run -- codegen write' and set opts.CodeGeneration.TypeLoadMode = TypeLoadMode.Static. See https://wolverinefx.net/guide/codegen.html (GH-2876).
             at Wolverine.Runtime.WolverineRuntime.logCodeGenerationConfiguration() in /home/runner/work/wolverine/wolverine/src/Wolverine/Runtime/WolverineRuntime.HostService.cs:line 296
             at Wolverine.Runtime.WolverineRuntime.StartAsync(CancellationToken cancellationToken) in /home/runner/work/wolverine/wolverine/src/Wolverine/Runtime/WolverineRuntime.HostService.cs:line 62
    fail: Microsoft.Extensions.Hosting.Internal.Host[11]
          Hosting failed to start
          System.InvalidOperationException: Wolverine is running in TypeLoadMode.Dynamic, which compiles handler/middleware code at runtime, but no IAssemblyGenerator (Roslyn) is registered. Core WolverineFx no longer ships the runtime compiler. Either add the 'WolverineFx.RuntimeCompilation' NuGet package (it auto-registers when referenced, or call opts.UseRuntimeCompilation() in UseWolverine(...)), or pre-generate code with 'dotnet run -- codegen write' and set opts.CodeGeneration.TypeLoadMode = TypeLoadMode.Static. See https://wolverinefx.net/guide/codegen.html (GH-2876).
             at Wolverine.Runtime.WolverineRuntime.logCodeGenerationConfiguration() in /home/runner/work/wolverine/wolverine/src/Wolverine/Runtime/WolverineRuntime.HostService.cs:line 296
             at Wolverine.Runtime.WolverineRuntime.StartAsync(CancellationToken cancellationToken) in /home/runner/work/wolverine/wolverine/src/Wolverine/Runtime/WolverineRuntime.HostService.cs:line 62
             at Microsoft.Extensions.Hosting.Internal.Host.<StartAsync>b__14_1(IHostedService service, CancellationToken token)
             at Microsoft.Extensions.Hosting.Internal.Host.ForeachService[T](IEnumerable`1 services, CancellationToken token, Boolean concurrent, Boolean abortOnFirstException, List`1 exceptions, Func`3 operation)
    
    
  Error output
failed Admin_ReleaseAllOwnership_Works (31ms)
  [Test Failure] InvalidOperationException: Wolverine is running in TypeLoadMode.Dynamic, which compiles handler/middleware code at runtime, but no IAssemblyGenerator (Roslyn) is registered. Core WolverineFx no longer ships the runtime compiler. Either add the 'WolverineFx.RuntimeCompilation' NuGet package (it auto-registers when referenced, or call opts.UseRuntimeCompilation() in UseWolverine(...)), or pre-generate code with 'dotnet run -- codegen write' and set opts.CodeGeneration.TypeLoadMode = TypeLoadMode.Static. See https://wolverinefx.net/guide/codegen.html (GH-2876).
  from D:\proj\microbians\AeroDB\tests\AeroDB.Tests\bin\Debug\net10.0\AeroDB.Tests.dll (net10.0|x64)
  TUnit.Engine.Exceptions.TestFailedException: [Test Failure] InvalidOperationException: Wolverine is running in TypeLoadMode.Dynamic, which compiles handler/middleware code at runtime, but no IAssemblyGenerator (Roslyn) is registered. Core WolverineFx no longer ships the runtime compiler. Either add the 'WolverineFx.RuntimeCompilation' NuGet package (it auto-registers when referenced, or call opts.UseRuntimeCompilation() in UseWolverine(...)), or pre-generate code with 'dotnet run -- codegen write' and set opts.CodeGeneration.TypeLoadMode = TypeLoadMode.Static. See https://wolverinefx.net/guide/codegen.html (GH-2876).
    at Wolverine.Runtime.WolverineRuntime.logCodeGenerationConfiguration() in /home/runner/work/wolverine/wolverine/src/Wolverine/Runtime/WolverineRuntime.HostService.cs:296
    at Wolverine.Runtime.WolverineRuntime.StartAsync(CancellationToken cancellationToken) in /home/runner/work/wolverine/wolverine/src/Wolverine/Runtime/WolverineRuntime.HostService.cs:62
    at Microsoft.Extensions.Hosting.Internal.Host.<StartAsync>b__14_1(IHostedService service, CancellationToken token)
    at Microsoft.Extensions.Hosting.Internal.Host.ForeachService[T](IEnumerable`1 services, CancellationToken token, Boolean concurrent, Boolean abortOnFirstException, List`1 exceptions, Func`3 operation)
    at Microsoft.Extensions.Hosting.Internal.Host.StartAsync(CancellationToken cancellationToken)
    at AeroDB.Tests.AeroDBWolverineIntegrationTests.BuildWolverineHostAsync(Action`1 extraWolverineConfig, Action`1 configureStore) in D:\proj\microbians\AeroDB\tests\AeroDB.Tests\WolverineFx\AeroDBWolverineIntegrationTests.cs:109
    at AeroDB.Tests.AeroDBWolverineIntegrationTests.Admin_ReleaseAllOwnership_Works() in D:\proj\microbians\AeroDB\tests\AeroDB.Tests\WolverineFx\AeroDBWolverineIntegrationTests.cs:592
       --- TUnit internals omitted (run with --detailed-stacktrace for full trace) ---
  Standard output
    info: Wolverine.Runtime.WolverineRuntime[0]
          Exporting Open Telemetry metrics from Wolverine with name Wolverine:AeroDB.Tests, version 6.16.0.0
    info: Wolverine.Runtime.WolverineRuntime[0]
          Starting Wolverine messaging for application assembly AeroDB.Tests, Version=1.0.0.0, Culture=neutral, PublicKeyToken=null
    fail: Wolverine.Runtime.WolverineRuntime[0]
          Failed to start the Wolverine messaging
          System.InvalidOperationException: Wolverine is running in TypeLoadMode.Dynamic, which compiles handler/middleware code at runtime, but no IAssemblyGenerator (Roslyn) is registered. Core WolverineFx no longer ships the runtime compiler. Either add the 'WolverineFx.RuntimeCompilation' NuGet package (it auto-registers when referenced, or call opts.UseRuntimeCompilation() in UseWolverine(...)), or pre-generate code with 'dotnet run -- codegen write' and set opts.CodeGeneration.TypeLoadMode = TypeLoadMode.Static. See https://wolverinefx.net/guide/codegen.html (GH-2876).
             at Wolverine.Runtime.WolverineRuntime.logCodeGenerationConfiguration() in /home/runner/work/wolverine/wolverine/src/Wolverine/Runtime/WolverineRuntime.HostService.cs:line 296
             at Wolverine.Runtime.WolverineRuntime.StartAsync(CancellationToken cancellationToken) in /home/runner/work/wolverine/wolverine/src/Wolverine/Runtime/WolverineRuntime.HostService.cs:line 62
    fail: Microsoft.Extensions.Hosting.Internal.Host[11]
          Hosting failed to start
          System.InvalidOperationException: Wolverine is running in TypeLoadMode.Dynamic, which compiles handler/middleware code at runtime, but no IAssemblyGenerator (Roslyn) is registered. Core WolverineFx no longer ships the runtime compiler. Either add the 'WolverineFx.RuntimeCompilation' NuGet package (it auto-registers when referenced, or call opts.UseRuntimeCompilation() in UseWolverine(...)), or pre-generate code with 'dotnet run -- codegen write' and set opts.CodeGeneration.TypeLoadMode = TypeLoadMode.Static. See https://wolverinefx.net/guide/codegen.html (GH-2876).
             at Wolverine.Runtime.WolverineRuntime.logCodeGenerationConfiguration() in /home/runner/work/wolverine/wolverine/src/Wolverine/Runtime/WolverineRuntime.HostService.cs:line 296
             at Wolverine.Runtime.WolverineRuntime.StartAsync(CancellationToken cancellationToken) in /home/runner/work/wolverine/wolverine/src/Wolverine/Runtime/WolverineRuntime.HostService.cs:line 62
             at Microsoft.Extensions.Hosting.Internal.Host.<StartAsync>b__14_1(IHostedService service, CancellationToken token)
             at Microsoft.Extensions.Hosting.Internal.Host.ForeachService[T](IEnumerable`1 services, CancellationToken token, Boolean concurrent, Boolean abortOnFirstException, List`1 exceptions, Func`3 operation)
    
    
  Error output
failed Admin_PersistAgentRestrictions_Works (21ms)
  [Test Failure] InvalidOperationException: Wolverine is running in TypeLoadMode.Dynamic, which compiles handler/middleware code at runtime, but no IAssemblyGenerator (Roslyn) is registered. Core WolverineFx no longer ships the runtime compiler. Either add the 'WolverineFx.RuntimeCompilation' NuGet package (it auto-registers when referenced, or call opts.UseRuntimeCompilation() in UseWolverine(...)), or pre-generate code with 'dotnet run -- codegen write' and set opts.CodeGeneration.TypeLoadMode = TypeLoadMode.Static. See https://wolverinefx.net/guide/codegen.html (GH-2876).
  from D:\proj\microbians\AeroDB\tests\AeroDB.Tests\bin\Debug\net10.0\AeroDB.Tests.dll (net10.0|x64)
  TUnit.Engine.Exceptions.TestFailedException: [Test Failure] InvalidOperationException: Wolverine is running in TypeLoadMode.Dynamic, which compiles handler/middleware code at runtime, but no IAssemblyGenerator (Roslyn) is registered. Core WolverineFx no longer ships the runtime compiler. Either add the 'WolverineFx.RuntimeCompilation' NuGet package (it auto-registers when referenced, or call opts.UseRuntimeCompilation() in UseWolverine(...)), or pre-generate code with 'dotnet run -- codegen write' and set opts.CodeGeneration.TypeLoadMode = TypeLoadMode.Static. See https://wolverinefx.net/guide/codegen.html (GH-2876).
    at Wolverine.Runtime.WolverineRuntime.logCodeGenerationConfiguration() in /home/runner/work/wolverine/wolverine/src/Wolverine/Runtime/WolverineRuntime.HostService.cs:296
    at Wolverine.Runtime.WolverineRuntime.StartAsync(CancellationToken cancellationToken) in /home/runner/work/wolverine/wolverine/src/Wolverine/Runtime/WolverineRuntime.HostService.cs:62
    at Microsoft.Extensions.Hosting.Internal.Host.<StartAsync>b__14_1(IHostedService service, CancellationToken token)
    at Microsoft.Extensions.Hosting.Internal.Host.ForeachService[T](IEnumerable`1 services, CancellationToken token, Boolean concurrent, Boolean abortOnFirstException, List`1 exceptions, Func`3 operation)
    at Microsoft.Extensions.Hosting.Internal.Host.StartAsync(CancellationToken cancellationToken)
    at AeroDB.Tests.AeroDBWolverineIntegrationTests.BuildWolverineHostAsync(Action`1 extraWolverineConfig, Action`1 configureStore) in D:\proj\microbians\AeroDB\tests\AeroDB.Tests\WolverineFx\AeroDBWolverineIntegrationTests.cs:109
    at AeroDB.Tests.AeroDBWolverineIntegrationTests.Admin_PersistAgentRestrictions_Works() in D:\proj\microbians\AeroDB\tests\AeroDB.Tests\WolverineFx\AeroDBWolverineIntegrationTests.cs:743
       --- TUnit internals omitted (run with --detailed-stacktrace for full trace) ---
  Standard output
    info: Wolverine.Runtime.WolverineRuntime[0]
          Exporting Open Telemetry metrics from Wolverine with name Wolverine:AeroDB.Tests, version 6.16.0.0
    info: Wolverine.Runtime.WolverineRuntime[0]
          Starting Wolverine messaging for application assembly AeroDB.Tests, Version=1.0.0.0, Culture=neutral, PublicKeyToken=null
    fail: Wolverine.Runtime.WolverineRuntime[0]
          Failed to start the Wolverine messaging
          System.InvalidOperationException: Wolverine is running in TypeLoadMode.Dynamic, which compiles handler/middleware code at runtime, but no IAssemblyGenerator (Roslyn) is registered. Core WolverineFx no longer ships the runtime compiler. Either add the 'WolverineFx.RuntimeCompilation' NuGet package (it auto-registers when referenced, or call opts.UseRuntimeCompilation() in UseWolverine(...)), or pre-generate code with 'dotnet run -- codegen write' and set opts.CodeGeneration.TypeLoadMode = TypeLoadMode.Static. See https://wolverinefx.net/guide/codegen.html (GH-2876).
             at Wolverine.Runtime.WolverineRuntime.logCodeGenerationConfiguration() in /home/runner/work/wolverine/wolverine/src/Wolverine/Runtime/WolverineRuntime.HostService.cs:line 296
             at Wolverine.Runtime.WolverineRuntime.StartAsync(CancellationToken cancellationToken) in /home/runner/work/wolverine/wolverine/src/Wolverine/Runtime/WolverineRuntime.HostService.cs:line 62
    fail: Microsoft.Extensions.Hosting.Internal.Host[11]
          Hosting failed to start
          System.InvalidOperationException: Wolverine is running in TypeLoadMode.Dynamic, which compiles handler/middleware code at runtime, but no IAssemblyGenerator (Roslyn) is registered. Core WolverineFx no longer ships the runtime compiler. Either add the 'WolverineFx.RuntimeCompilation' NuGet package (it auto-registers when referenced, or call opts.UseRuntimeCompilation() in UseWolverine(...)), or pre-generate code with 'dotnet run -- codegen write' and set opts.CodeGeneration.TypeLoadMode = TypeLoadMode.Static. See https://wolverinefx.net/guide/codegen.html (GH-2876).
             at Wolverine.Runtime.WolverineRuntime.logCodeGenerationConfiguration() in /home/runner/work/wolverine/wolverine/src/Wolverine/Runtime/WolverineRuntime.HostService.cs:line 296
             at Wolverine.Runtime.WolverineRuntime.StartAsync(CancellationToken cancellationToken) in /home/runner/work/wolverine/wolverine/src/Wolverine/Runtime/WolverineRuntime.HostService.cs:line 62
             at Microsoft.Extensions.Hosting.Internal.Host.<StartAsync>b__14_1(IHostedService service, CancellationToken token)
             at Microsoft.Extensions.Hosting.Internal.Host.ForeachService[T](IEnumerable`1 services, CancellationToken token, Boolean concurrent, Boolean abortOnFirstException, List`1 exceptions, Func`3 operation)
    
    
  Error output
failed Admin_ReleaseAllOwnership_WithOwnerId_Works (34ms)
  [Test Failure] InvalidOperationException: Wolverine is running in TypeLoadMode.Dynamic, which compiles handler/middleware code at runtime, but no IAssemblyGenerator (Roslyn) is registered. Core WolverineFx no longer ships the runtime compiler. Either add the 'WolverineFx.RuntimeCompilation' NuGet package (it auto-registers when referenced, or call opts.UseRuntimeCompilation() in UseWolverine(...)), or pre-generate code with 'dotnet run -- codegen write' and set opts.CodeGeneration.TypeLoadMode = TypeLoadMode.Static. See https://wolverinefx.net/guide/codegen.html (GH-2876).
  from D:\proj\microbians\AeroDB\tests\AeroDB.Tests\bin\Debug\net10.0\AeroDB.Tests.dll (net10.0|x64)
  TUnit.Engine.Exceptions.TestFailedException: [Test Failure] InvalidOperationException: Wolverine is running in TypeLoadMode.Dynamic, which compiles handler/middleware code at runtime, but no IAssemblyGenerator (Roslyn) is registered. Core WolverineFx no longer ships the runtime compiler. Either add the 'WolverineFx.RuntimeCompilation' NuGet package (it auto-registers when referenced, or call opts.UseRuntimeCompilation() in UseWolverine(...)), or pre-generate code with 'dotnet run -- codegen write' and set opts.CodeGeneration.TypeLoadMode = TypeLoadMode.Static. See https://wolverinefx.net/guide/codegen.html (GH-2876).
    at Wolverine.Runtime.WolverineRuntime.logCodeGenerationConfiguration() in /home/runner/work/wolverine/wolverine/src/Wolverine/Runtime/WolverineRuntime.HostService.cs:296
    at Wolverine.Runtime.WolverineRuntime.StartAsync(CancellationToken cancellationToken) in /home/runner/work/wolverine/wolverine/src/Wolverine/Runtime/WolverineRuntime.HostService.cs:62
    at Microsoft.Extensions.Hosting.Internal.Host.<StartAsync>b__14_1(IHostedService service, CancellationToken token)
    at Microsoft.Extensions.Hosting.Internal.Host.ForeachService[T](IEnumerable`1 services, CancellationToken token, Boolean concurrent, Boolean abortOnFirstException, List`1 exceptions, Func`3 operation)
    at Microsoft.Extensions.Hosting.Internal.Host.StartAsync(CancellationToken cancellationToken)
    at AeroDB.Tests.AeroDBWolverineIntegrationTests.BuildWolverineHostAsync(Action`1 extraWolverineConfig, Action`1 configureStore) in D:\proj\microbians\AeroDB\tests\AeroDB.Tests\WolverineFx\AeroDBWolverineIntegrationTests.cs:109
    at AeroDB.Tests.AeroDBWolverineIntegrationTests.Admin_ReleaseAllOwnership_WithOwnerId_Works() in D:\proj\microbians\AeroDB\tests\AeroDB.Tests\WolverineFx\AeroDBWolverineIntegrationTests.cs:635
       --- TUnit internals omitted (run with --detailed-stacktrace for full trace) ---
  Standard output
    info: Wolverine.Runtime.WolverineRuntime[0]
          Exporting Open Telemetry metrics from Wolverine with name Wolverine:AeroDB.Tests, version 6.16.0.0
    info: Wolverine.Runtime.WolverineRuntime[0]
          Starting Wolverine messaging for application assembly AeroDB.Tests, Version=1.0.0.0, Culture=neutral, PublicKeyToken=null
    fail: Wolverine.Runtime.WolverineRuntime[0]
          Failed to start the Wolverine messaging
          System.InvalidOperationException: Wolverine is running in TypeLoadMode.Dynamic, which compiles handler/middleware code at runtime, but no IAssemblyGenerator (Roslyn) is registered. Core WolverineFx no longer ships the runtime compiler. Either add the 'WolverineFx.RuntimeCompilation' NuGet package (it auto-registers when referenced, or call opts.UseRuntimeCompilation() in UseWolverine(...)), or pre-generate code with 'dotnet run -- codegen write' and set opts.CodeGeneration.TypeLoadMode = TypeLoadMode.Static. See https://wolverinefx.net/guide/codegen.html (GH-2876).
             at Wolverine.Runtime.WolverineRuntime.logCodeGenerationConfiguration() in /home/runner/work/wolverine/wolverine/src/Wolverine/Runtime/WolverineRuntime.HostService.cs:line 296
             at Wolverine.Runtime.WolverineRuntime.StartAsync(CancellationToken cancellationToken) in /home/runner/work/wolverine/wolverine/src/Wolverine/Runtime/WolverineRuntime.HostService.cs:line 62
    fail: Microsoft.Extensions.Hosting.Internal.Host[11]
          Hosting failed to start
          System.InvalidOperationException: Wolverine is running in TypeLoadMode.Dynamic, which compiles handler/middleware code at runtime, but no IAssemblyGenerator (Roslyn) is registered. Core WolverineFx no longer ships the runtime compiler. Either add the 'WolverineFx.RuntimeCompilation' NuGet package (it auto-registers when referenced, or call opts.UseRuntimeCompilation() in UseWolverine(...)), or pre-generate code with 'dotnet run -- codegen write' and set opts.CodeGeneration.TypeLoadMode = TypeLoadMode.Static. See https://wolverinefx.net/guide/codegen.html (GH-2876).
             at Wolverine.Runtime.WolverineRuntime.logCodeGenerationConfiguration() in /home/runner/work/wolverine/wolverine/src/Wolverine/Runtime/WolverineRuntime.HostService.cs:line 296
             at Wolverine.Runtime.WolverineRuntime.StartAsync(CancellationToken cancellationToken) in /home/runner/work/wolverine/wolverine/src/Wolverine/Runtime/WolverineRuntime.HostService.cs:line 62
             at Microsoft.Extensions.Hosting.Internal.Host.<StartAsync>b__14_1(IHostedService service, CancellationToken token)
             at Microsoft.Extensions.Hosting.Internal.Host.ForeachService[T](IEnumerable`1 services, CancellationToken token, Boolean concurrent, Boolean abortOnFirstException, List`1 exceptions, Func`3 operation)
    
    
  Error output
failed Admin_FetchRecentRecords_Works (30ms)
  [Test Failure] InvalidOperationException: Wolverine is running in TypeLoadMode.Dynamic, which compiles handler/middleware code at runtime, but no IAssemblyGenerator (Roslyn) is registered. Core WolverineFx no longer ships the runtime compiler. Either add the 'WolverineFx.RuntimeCompilation' NuGet package (it auto-registers when referenced, or call opts.UseRuntimeCompilation() in UseWolverine(...)), or pre-generate code with 'dotnet run -- codegen write' and set opts.CodeGeneration.TypeLoadMode = TypeLoadMode.Static. See https://wolverinefx.net/guide/codegen.html (GH-2876).
  from D:\proj\microbians\AeroDB\tests\AeroDB.Tests\bin\Debug\net10.0\AeroDB.Tests.dll (net10.0|x64)
  TUnit.Engine.Exceptions.TestFailedException: [Test Failure] InvalidOperationException: Wolverine is running in TypeLoadMode.Dynamic, which compiles handler/middleware code at runtime, but no IAssemblyGenerator (Roslyn) is registered. Core WolverineFx no longer ships the runtime compiler. Either add the 'WolverineFx.RuntimeCompilation' NuGet package (it auto-registers when referenced, or call opts.UseRuntimeCompilation() in UseWolverine(...)), or pre-generate code with 'dotnet run -- codegen write' and set opts.CodeGeneration.TypeLoadMode = TypeLoadMode.Static. See https://wolverinefx.net/guide/codegen.html (GH-2876).
    at Wolverine.Runtime.WolverineRuntime.logCodeGenerationConfiguration() in /home/runner/work/wolverine/wolverine/src/Wolverine/Runtime/WolverineRuntime.HostService.cs:296
    at Wolverine.Runtime.WolverineRuntime.StartAsync(CancellationToken cancellationToken) in /home/runner/work/wolverine/wolverine/src/Wolverine/Runtime/WolverineRuntime.HostService.cs:62
    at Microsoft.Extensions.Hosting.Internal.Host.<StartAsync>b__14_1(IHostedService service, CancellationToken token)
    at Microsoft.Extensions.Hosting.Internal.Host.ForeachService[T](IEnumerable`1 services, CancellationToken token, Boolean concurrent, Boolean abortOnFirstException, List`1 exceptions, Func`3 operation)
    at Microsoft.Extensions.Hosting.Internal.Host.StartAsync(CancellationToken cancellationToken)
    at AeroDB.Tests.AeroDBWolverineIntegrationTests.BuildWolverineHostAsync(Action`1 extraWolverineConfig, Action`1 configureStore) in D:\proj\microbians\AeroDB\tests\AeroDB.Tests\WolverineFx\AeroDBWolverineIntegrationTests.cs:109
    at AeroDB.Tests.AeroDBWolverineIntegrationTests.Admin_FetchRecentRecords_Works() in D:\proj\microbians\AeroDB\tests\AeroDB.Tests\WolverineFx\AeroDBWolverineIntegrationTests.cs:663
       --- TUnit internals omitted (run with --detailed-stacktrace for full trace) ---
  Standard output
    info: Wolverine.Runtime.WolverineRuntime[0]
          Exporting Open Telemetry metrics from Wolverine with name Wolverine:AeroDB.Tests, version 6.16.0.0
    info: Wolverine.Runtime.WolverineRuntime[0]
          Starting Wolverine messaging for application assembly AeroDB.Tests, Version=1.0.0.0, Culture=neutral, PublicKeyToken=null
    fail: Wolverine.Runtime.WolverineRuntime[0]
          Failed to start the Wolverine messaging
          System.InvalidOperationException: Wolverine is running in TypeLoadMode.Dynamic, which compiles handler/middleware code at runtime, but no IAssemblyGenerator (Roslyn) is registered. Core WolverineFx no longer ships the runtime compiler. Either add the 'WolverineFx.RuntimeCompilation' NuGet package (it auto-registers when referenced, or call opts.UseRuntimeCompilation() in UseWolverine(...)), or pre-generate code with 'dotnet run -- codegen write' and set opts.CodeGeneration.TypeLoadMode = TypeLoadMode.Static. See https://wolverinefx.net/guide/codegen.html (GH-2876).
             at Wolverine.Runtime.WolverineRuntime.logCodeGenerationConfiguration() in /home/runner/work/wolverine/wolverine/src/Wolverine/Runtime/WolverineRuntime.HostService.cs:line 296
             at Wolverine.Runtime.WolverineRuntime.StartAsync(CancellationToken cancellationToken) in /home/runner/work/wolverine/wolverine/src/Wolverine/Runtime/WolverineRuntime.HostService.cs:line 62
    fail: Microsoft.Extensions.Hosting.Internal.Host[11]
          Hosting failed to start
          System.InvalidOperationException: Wolverine is running in TypeLoadMode.Dynamic, which compiles handler/middleware code at runtime, but no IAssemblyGenerator (Roslyn) is registered. Core WolverineFx no longer ships the runtime compiler. Either add the 'WolverineFx.RuntimeCompilation' NuGet package (it auto-registers when referenced, or call opts.UseRuntimeCompilation() in UseWolverine(...)), or pre-generate code with 'dotnet run -- codegen write' and set opts.CodeGeneration.TypeLoadMode = TypeLoadMode.Static. See https://wolverinefx.net/guide/codegen.html (GH-2876).
             at Wolverine.Runtime.WolverineRuntime.logCodeGenerationConfiguration() in /home/runner/work/wolverine/wolverine/src/Wolverine/Runtime/WolverineRuntime.HostService.cs:line 296
             at Wolverine.Runtime.WolverineRuntime.StartAsync(CancellationToken cancellationToken) in /home/runner/work/wolverine/wolverine/src/Wolverine/Runtime/WolverineRuntime.HostService.cs:line 62
             at Microsoft.Extensions.Hosting.Internal.Host.<StartAsync>b__14_1(IHostedService service, CancellationToken token)
             at Microsoft.Extensions.Hosting.Internal.Host.ForeachService[T](IEnumerable`1 services, CancellationToken token, Boolean concurrent, Boolean abortOnFirstException, List`1 exceptions, Func`3 operation)
    
    
  Error output
failed Inbox_StoreAndMarkHandled (43ms)
  [Test Failure] InvalidOperationException: Wolverine is running in TypeLoadMode.Dynamic, which compiles handler/middleware code at runtime, but no IAssemblyGenerator (Roslyn) is registered. Core WolverineFx no longer ships the runtime compiler. Either add the 'WolverineFx.RuntimeCompilation' NuGet package (it auto-registers when referenced, or call opts.UseRuntimeCompilation() in UseWolverine(...)), or pre-generate code with 'dotnet run -- codegen write' and set opts.CodeGeneration.TypeLoadMode = TypeLoadMode.Static. See https://wolverinefx.net/guide/codegen.html (GH-2876).
  from D:\proj\microbians\AeroDB\tests\AeroDB.Tests\bin\Debug\net10.0\AeroDB.Tests.dll (net10.0|x64)
  TUnit.Engine.Exceptions.TestFailedException: [Test Failure] InvalidOperationException: Wolverine is running in TypeLoadMode.Dynamic, which compiles handler/middleware code at runtime, but no IAssemblyGenerator (Roslyn) is registered. Core WolverineFx no longer ships the runtime compiler. Either add the 'WolverineFx.RuntimeCompilation' NuGet package (it auto-registers when referenced, or call opts.UseRuntimeCompilation() in UseWolverine(...)), or pre-generate code with 'dotnet run -- codegen write' and set opts.CodeGeneration.TypeLoadMode = TypeLoadMode.Static. See https://wolverinefx.net/guide/codegen.html (GH-2876).
    at Wolverine.Runtime.WolverineRuntime.logCodeGenerationConfiguration() in /home/runner/work/wolverine/wolverine/src/Wolverine/Runtime/WolverineRuntime.HostService.cs:296
    at Wolverine.Runtime.WolverineRuntime.StartAsync(CancellationToken cancellationToken) in /home/runner/work/wolverine/wolverine/src/Wolverine/Runtime/WolverineRuntime.HostService.cs:62
    at Microsoft.Extensions.Hosting.Internal.Host.<StartAsync>b__14_1(IHostedService service, CancellationToken token)
    at Microsoft.Extensions.Hosting.Internal.Host.ForeachService[T](IEnumerable`1 services, CancellationToken token, Boolean concurrent, Boolean abortOnFirstException, List`1 exceptions, Func`3 operation)
    at Microsoft.Extensions.Hosting.Internal.Host.StartAsync(CancellationToken cancellationToken)
    at AeroDB.Tests.AeroDBWolverineIntegrationTests.BuildWolverineHostAsync(Action`1 extraWolverineConfig, Action`1 configureStore) in D:\proj\microbians\AeroDB\tests\AeroDB.Tests\WolverineFx\AeroDBWolverineIntegrationTests.cs:109
    at AeroDB.Tests.AeroDBWolverineIntegrationTests.Inbox_StoreAndMarkHandled() in D:\proj\microbians\AeroDB\tests\AeroDB.Tests\WolverineFx\AeroDBWolverineIntegrationTests.cs:380
       --- TUnit internals omitted (run with --detailed-stacktrace for full trace) ---
  Standard output
    info: Wolverine.Runtime.WolverineRuntime[0]
          Exporting Open Telemetry metrics from Wolverine with name Wolverine:AeroDB.Tests, version 6.16.0.0
    info: Wolverine.Runtime.WolverineRuntime[0]
          Starting Wolverine messaging for application assembly AeroDB.Tests, Version=1.0.0.0, Culture=neutral, PublicKeyToken=null
    fail: Wolverine.Runtime.WolverineRuntime[0]
          Failed to start the Wolverine messaging
          System.InvalidOperationException: Wolverine is running in TypeLoadMode.Dynamic, which compiles handler/middleware code at runtime, but no IAssemblyGenerator (Roslyn) is registered. Core WolverineFx no longer ships the runtime compiler. Either add the 'WolverineFx.RuntimeCompilation' NuGet package (it auto-registers when referenced, or call opts.UseRuntimeCompilation() in UseWolverine(...)), or pre-generate code with 'dotnet run -- codegen write' and set opts.CodeGeneration.TypeLoadMode = TypeLoadMode.Static. See https://wolverinefx.net/guide/codegen.html (GH-2876).
             at Wolverine.Runtime.WolverineRuntime.logCodeGenerationConfiguration() in /home/runner/work/wolverine/wolverine/src/Wolverine/Runtime/WolverineRuntime.HostService.cs:line 296
             at Wolverine.Runtime.WolverineRuntime.StartAsync(CancellationToken cancellationToken) in /home/runner/work/wolverine/wolverine/src/Wolverine/Runtime/WolverineRuntime.HostService.cs:line 62
    fail: Microsoft.Extensions.Hosting.Internal.Host[11]
          Hosting failed to start
          System.InvalidOperationException: Wolverine is running in TypeLoadMode.Dynamic, which compiles handler/middleware code at runtime, but no IAssemblyGenerator (Roslyn) is registered. Core WolverineFx no longer ships the runtime compiler. Either add the 'WolverineFx.RuntimeCompilation' NuGet package (it auto-registers when referenced, or call opts.UseRuntimeCompilation() in UseWolverine(...)), or pre-generate code with 'dotnet run -- codegen write' and set opts.CodeGeneration.TypeLoadMode = TypeLoadMode.Static. See https://wolverinefx.net/guide/codegen.html (GH-2876).
             at Wolverine.Runtime.WolverineRuntime.logCodeGenerationConfiguration() in /home/runner/work/wolverine/wolverine/src/Wolverine/Runtime/WolverineRuntime.HostService.cs:line 296
             at Wolverine.Runtime.WolverineRuntime.StartAsync(CancellationToken cancellationToken) in /home/runner/work/wolverine/wolverine/src/Wolverine/Runtime/WolverineRuntime.HostService.cs:line 62
             at Microsoft.Extensions.Hosting.Internal.Host.<StartAsync>b__14_1(IHostedService service, CancellationToken token)
             at Microsoft.Extensions.Hosting.Internal.Host.ForeachService[T](IEnumerable`1 services, CancellationToken token, Boolean concurrent, Boolean abortOnFirstException, List`1 exceptions, Func`3 operation)
    
    
  Error output
D:\proj\microbians\AeroDB\tests\AeroDB.Tests\bin\Debug\net10.0\AeroDB.Tests.dll (net10.0|x64) failed with 52 error(s) (50s 263ms)
Exit code: 2
  Standard output: HTML test report written to: D:\proj\microbians\AeroDB\tests\AeroDB.Tests\bin\Debug\net10.0\TestResults\AeroDB.Tests-windows-net10.0-report.html

  In process file artifacts produced:
    - D:\proj\microbians\AeroDB\tests\AeroDB.Tests\bin\Debug\net10.0\TestResults\AeroDB.Tests-windows-net10.0-report.html

Test run summary: Failed!
  total: 1904
  failed: 52
  succeeded: 1852
  skipped: 0
  duration: 50s 517ms
Test run completed with non-success exit code: 2 (see: https://aka.ms/testingplatform/exitcodes)
